MPLINK 4.39, Linker
Linker Map File - Created Thu Nov 03 20:59:27 2011

                                 Section Info
                  Section       Type    Address   Location Size(Bytes)
                ---------  ---------  ---------  ---------  ---------
               _entry_scn       code   0x000000    program   0x000006
                   .cinit    romdata   0x000006    program   0x000002
 .code_Nokia Temp meter.o       code   0x000008    program   0x0008c0
                     PROG       code   0x0008c8    program   0x00048e
.romdata_Nokia Temp meter.o    romdata   0x000d56    program   0x0001c7
        .romdata___init.o    romdata   0x000f1d    program   0x000000
        .idata___init.o_i    romdata   0x000f1d    program   0x000000
      .romdata_fxd1616u.o    romdata   0x000f1d    program   0x000000
      .idata_fxd1616u.o_i    romdata   0x000f1d    program   0x000000
.idata_Nokia Temp meter.o_i    romdata   0x000f1d    program   0x000000
         .romdata_c018i.o    romdata   0x000f1d    program   0x000000
         .idata_c018i.o_i    romdata   0x000f1d    program   0x000000
               _cinit_scn       code   0x000f1e    program   0x00009e
            .code_c018i.o       code   0x000f1e    program   0x000000
         .code_fxd1616u.o       code   0x000fbc    program   0x00002c
                    .code       code   0x000fe8    program   0x000020
             _startup_scn       code   0x001008    program   0x00001c
           .code___init.o       code   0x001024    program   0x000002
.config_300001_Nokia Temp meter.o    romdata   0x300001    program   0x000001
.config_300002_Nokia Temp meter.o    romdata   0x300002    program   0x000001
.config_300003_Nokia Temp meter.o    romdata   0x300003    program   0x000001
.config_300006_Nokia Temp meter.o    romdata   0x300006    program   0x000001
                MATH_DATA      udata   0x000000       data   0x000014
                 .tmpdata      udata   0x000014       data   0x000008
           .udata_c018i.o      udata   0x000060       data   0x00000a
.udata_Nokia Temp meter.o      udata   0x00006a       data   0x000004
           .idata_c018i.o      idata   0x00006e       data   0x000000
.idata_Nokia Temp meter.o      idata   0x00006e       data   0x000000
          .idata___init.o      idata   0x00006e       data   0x000000
          .udata___init.o      udata   0x00006e       data   0x000000
        .idata_fxd1616u.o      idata   0x00006e       data   0x000000
        .udata_fxd1616u.o      udata   0x00006e       data   0x000000
                   .stack      udata   0x000500       data   0x000100
              SFR_BANKED0      udata   0x000f00       data   0x00002f
              SFR_BANKED1      udata   0x000f30       data   0x00000f
              SFR_BANKED2      udata   0x000f40       data   0x00000f
              SFR_BANKED3      udata   0x000f50       data   0x00000f
            SFR_UNBANKED0      udata   0x000f60       data   0x000017
            SFR_UNBANKED1      udata   0x000f80       data   0x000080



                              Program Memory Usage 
                               Start         End      
                           ---------   ---------      
                            0x000000    0x000f1c      
                            0x000f1e    0x001025      
                            0x300001    0x300003      
                            0x300006    0x300006      
            4137 out of 33048 program addresses used, program memory utilization is 12%



                              Symbols - Sorted by Name
                     Name    Address   Location    Storage File                     
                ---------  ---------  ---------  --------- ---------                
                   D1616S   0x000bc2    program     static C:\MCC18\src\traditional\math\fxd1616s.asm
                D1616SNEG   0x000bd0    program     static C:\MCC18\src\traditional\math\fxd1616s.asm
                 D1616SOK   0x000bcc    program     static C:\MCC18\src\traditional\math\fxd1616s.asm
                  D1616SX   0x000be2    program     static C:\MCC18\src\traditional\math\fxd1616s.asm
                  DA1616S   0x000bb2    program     static C:\MCC18\src\traditional\math\fxd1616s.asm
                 FLO1632S   0x0008cc    program     extern C:\MCC18\src\traditional\math\cast16FP.asm
                 FLO1632U   0x0008c8    program     extern C:\MCC18\src\traditional\math\cast16FP.asm
               FONTLOOKUP   0x000d56    program     extern C:\Users\Gaurav\Desktop\Nokia temp\Nokia Temp meter.c
                    FPA32   0x000a74    program     extern C:\MCC18\src\traditional\math\addFP.asm
                    FPD32   0x0008f2    program     extern C:\MCC18\src\traditional\math\divFP.asm
                    FPM32   0x000998    program     extern C:\MCC18\src\traditional\math\mulFP.asm
                    FPS32   0x000a72    program     extern C:\MCC18\src\traditional\math\addFP.asm
                 FXD1616S   0x000ba0    program     extern C:\MCC18\src\traditional\math\fxd1616s.asm
                 FXD1616U   0x000fbc    program     extern C:\MCC18\src\traditional\math\fxd1616u.c
                  INT3216   0x000bec    program     extern C:\MCC18\src\traditional\math\castFP16.asm
                 __FpExit   0x000c56    program     extern C:\MCC18\src\traditional\math\packFP.asm
                 __FpPack   0x000c82    program     extern C:\MCC18\src\traditional\math\packFP.asm
            __FpReturnNaN   0x000c4a    program     extern C:\MCC18\src\traditional\math\packFP.asm
         __FpReturnNegInf   0x000c5c    program     extern C:\MCC18\src\traditional\math\packFP.asm
        __FpReturnNegZero   0x000c74    program     extern C:\MCC18\src\traditional\math\packFP.asm
         __FpReturnPosInf   0x000c62    program     extern C:\MCC18\src\traditional\math\packFP.asm
        __FpReturnPosZero   0x000c7c    program     extern C:\MCC18\src\traditional\math\packFP.asm
        __FpReturnSignInf   0x000c58    program     extern C:\MCC18\src\traditional\math\packFP.asm
       __FpReturnSignZero   0x000c70    program     extern C:\MCC18\src\traditional\math\packFP.asm
              __FpReturnW   0x000cda    program     extern C:\MCC18\src\traditional\math\packFP.asm
              __FpUnPackA   0x000cfa    program     extern C:\MCC18\src\traditional\math\UnpackFP.asm
              __FpUnPackB   0x000d2a    program     extern C:\MCC18\src\traditional\math\UnpackFP.asm
       ___return_lbl00000   0x000fe6    program     static                          
       ___return_lbl00000   0x000004    program     static                          
       ___return_lbl00001   0x001022    program     static                          
       ___return_lbl00002   0x000fba    program     static                          
               __config_0   0x300001    program     static C:\Users\Gaurav\Desktop\Nokia temp\Nokia Temp meter.c
               __config_1   0x300002    program     static C:\Users\Gaurav\Desktop\Nokia temp\Nokia Temp meter.c
               __config_2   0x300003    program     static C:\Users\Gaurav\Desktop\Nokia temp\Nokia Temp meter.c
               __config_3   0x300006    program     static C:\Users\Gaurav\Desktop\Nokia temp\Nokia Temp meter.c
                   __init   0x001024    program     extern C:\MCC18\src\traditional\stdclib\__init.c
            __zero_memory   0x000fe8    program     extern C:\MCC18\src\traditional\proc\p18F458.asm
                _do_cinit   0x000f1e    program     extern C:\MCC18\src\traditional\startup\c018i.c
                   _entry   0x000000    program     extern C:\MCC18\src\traditional\startup\c018i.c
                 _startup   0x001008    program     extern C:\MCC18\src\traditional\startup\c018i.c
                 blackLcd   0x00062a    program     extern C:\Users\Gaurav\Desktop\Nokia temp\Nokia Temp meter.c
                 clearLcd   0x0005da    program     extern C:\Users\Gaurav\Desktop\Nokia temp\Nokia Temp meter.c
                compare_l   0x000ffe    program     static C:\MCC18\src\traditional\proc\p18F458.asm
                copy_loop   0x000f90    program     static                          
            copy_one_byte   0x000f96    program     static                          
                  delayMs   0x00085e    program     extern C:\Users\Gaurav\Desktop\Nokia temp\Nokia Temp meter.c
                     disp   0x0001c8    program     extern C:\Users\Gaurav\Desktop\Nokia temp\Nokia Temp meter.c
                     done   0x000fba    program     static                          
             done_copying   0x000fa4    program     static                          
                  endloop   0x000fe2    program     static                          
                   gotoXy   0x00067a    program     extern C:\Users\Gaurav\Desktop\Nokia temp\Nokia Temp meter.c
                 jANotInf   0x000910    program     static C:\MCC18\src\traditional\math\divFP.asm
                 jANotInf   0x0009b6    program     static C:\MCC18\src\traditional\math\mulFP.asm
                 jANotInf   0x000a9c    program     static C:\MCC18\src\traditional\math\addFP.asm
                 jANotNeg   0x000b30    program     static C:\MCC18\src\traditional\math\addFP.asm
                jANotZero   0x000924    program     static C:\MCC18\src\traditional\math\divFP.asm
              jAandWsetup   0x000b00    program     static C:\MCC18\src\traditional\math\addFP.asm
                 jAltBexp   0x000aee    program     static C:\MCC18\src\traditional\math\addFP.asm
                jBANotInf   0x000a92    program     static C:\MCC18\src\traditional\math\addFP.asm
                 jBNotInf   0x000aaa    program     static C:\MCC18\src\traditional\math\addFP.asm
              jBothFinite   0x0009c4    program     static C:\MCC18\src\traditional\math\mulFP.asm
             jBothNotZero   0x0009d0    program     static C:\MCC18\src\traditional\math\mulFP.asm
            jDifOrPosSign   0x000abe    program     static C:\MCC18\src\traditional\math\addFP.asm
                    jExit   0x000c48    program     static C:\MCC18\src\traditional\math\castFP16.asm
               jFinalSign   0x000b98    program     static C:\MCC18\src\traditional\math\addFP.asm
                jHaveZero   0x0009cc    program     static C:\MCC18\src\traditional\math\mulFP.asm
                jI2F16Beg   0x0008dc    program     static C:\MCC18\src\traditional\math\cast16FP.asm
                    jLoop   0x00094c    program     static C:\MCC18\src\traditional\math\divFP.asm
                    jLoop   0x000c28    program     static C:\MCC18\src\traditional\math\castFP16.asm
                jLoopExit   0x000c38    program     static C:\MCC18\src\traditional\math\castFP16.asm
                     jMax   0x000bfc    program     static C:\MCC18\src\traditional\math\castFP16.asm
                  jMaxNeg   0x000c0a    program     static C:\MCC18\src\traditional\math\castFP16.asm
                  jMaxPos   0x000c00    program     static C:\MCC18\src\traditional\math\castFP16.asm
                    jNext   0x000972    program     static C:\MCC18\src\traditional\math\divFP.asm
                jNoAdjust   0x000970    program     static C:\MCC18\src\traditional\math\divFP.asm
             jNotBothZero   0x000ac2    program     static C:\MCC18\src\traditional\math\addFP.asm
                  jNotInf   0x000c18    program     static C:\MCC18\src\traditional\math\castFP16.asm
                  jPkLoop   0x000c90    program     static C:\MCC18\src\traditional\math\packFP.asm
             jPkRoundDone   0x000cda    program     static C:\MCC18\src\traditional\math\packFP.asm
               jPkRoundIt   0x000cc2    program     static C:\MCC18\src\traditional\math\packFP.asm
             jPkShiftDone   0x000cac    program     static C:\MCC18\src\traditional\math\packFP.asm
           jReturnPosInf0   0x000c66    program     static C:\MCC18\src\traditional\math\packFP.asm
               jShiftDone   0x000b58    program     static C:\MCC18\src\traditional\math\addFP.asm
               jShiftLoop   0x000b4a    program     static C:\MCC18\src\traditional\math\addFP.asm
                jSignDone   0x000b88    program     static C:\MCC18\src\traditional\math\addFP.asm
              jSignedZero   0x00091a    program     static C:\MCC18\src\traditional\math\divFP.asm
                  jUnpkA1   0x000d04    program     static C:\MCC18\src\traditional\math\UnpackFP.asm
                  jUnpkA2   0x000d1c    program     static C:\MCC18\src\traditional\math\UnpackFP.asm
                 jUnpkANZ   0x000d12    program     static C:\MCC18\src\traditional\math\UnpackFP.asm
                  jUnpkB1   0x000d34    program     static C:\MCC18\src\traditional\math\UnpackFP.asm
                  jUnpkB2   0x000d4c    program     static C:\MCC18\src\traditional\math\UnpackFP.asm
                 jUnpkBNZ   0x000d42    program     static C:\MCC18\src\traditional\math\UnpackFP.asm
                 jUnpkNaN   0x000d26    program     static C:\MCC18\src\traditional\math\UnpackFP.asm
                 jWNotNeg   0x000b44    program     static C:\MCC18\src\traditional\math\addFP.asm
                    jZero   0x000c12    program     static C:\MCC18\src\traditional\math\castFP16.asm
               jZero1and2   0x000c6a    program     static C:\MCC18\src\traditional\math\packFP.asm
                  lcdInit   0x000590    program     extern C:\Users\Gaurav\Desktop\Nokia temp\Nokia Temp meter.c
                   lcdStr   0x0006c2    program     extern C:\Users\Gaurav\Desktop\Nokia temp\Nokia Temp meter.c
                   lookup   0x0004ae    program     extern C:\Users\Gaurav\Desktop\Nokia temp\Nokia Temp meter.c
                     loop   0x001018    program     static                          
                     loop   0x000fc6    program     static                          
                   loop_h   0x000ff6    program     static C:\MCC18\src\traditional\proc\p18F458.asm
                   loop_l   0x001000    program     static C:\MCC18\src\traditional\proc\p18F458.asm
                     main   0x000008    program     extern C:\Users\Gaurav\Desktop\Nokia temp\Nokia Temp meter.c
                      spi   0x000572    program     extern C:\Users\Gaurav\Desktop\Nokia temp\Nokia Temp meter.c
                     test   0x000f38    program     static                          
                    toLcd   0x00076e    program     extern C:\Users\Gaurav\Desktop\Nokia temp\Nokia Temp meter.c
               zero_block   0x000ff6    program     static C:\MCC18\src\traditional\proc\p18F458.asm
                   ADCON0   0x000fc2       data     extern C:\MCC18\src\traditional\proc\p18F458.asm
               ADCON0bits   0x000fc2       data     extern C:\MCC18\src\traditional\proc\p18F458.asm
                   ADCON1   0x000fc1       data     extern C:\MCC18\src\traditional\proc\p18F458.asm
               ADCON1bits   0x000fc1       data     extern C:\MCC18\src\traditional\proc\p18F458.asm
                    ADRES   0x000fc3       data     extern C:\MCC18\src\traditional\proc\p18F458.asm
                   ADRESH   0x000fc4       data     extern C:\MCC18\src\traditional\proc\p18F458.asm
                   ADRESL   0x000fc3       data     extern C:\MCC18\src\traditional\proc\p18F458.asm
                  BRGCON1   0x000f70       data     extern C:\MCC18\src\traditional\proc\p18F458.asm
              BRGCON1bits   0x000f70       data     extern C:\MCC18\src\traditional\proc\p18F458.asm
                  BRGCON2   0x000f71       data     extern C:\MCC18\src\traditional\proc\p18F458.asm
              BRGCON2bits   0x000f71       data     extern C:\MCC18\src\traditional\proc\p18F458.asm
                  BRGCON3   0x000f72       data     extern C:\MCC18\src\traditional\proc\p18F458.asm
              BRGCON3bits   0x000f72       data     extern C:\MCC18\src\traditional\proc\p18F458.asm
                      BSR   0x000fe0       data     extern C:\MCC18\src\traditional\proc\p18F458.asm
                   CANCON   0x000f6f       data     extern C:\MCC18\src\traditional\proc\p18F458.asm
               CANCONbits   0x000f6f       data     extern C:\MCC18\src\traditional\proc\p18F458.asm
                  CANSTAT   0x000f6e       data     extern C:\MCC18\src\traditional\proc\p18F458.asm
               CANSTATRO1   0x000f5e       data     extern C:\MCC18\src\traditional\proc\p18F458.asm
           CANSTATRO1bits   0x000f5e       data     extern C:\MCC18\src\traditional\proc\p18F458.asm
               CANSTATRO2   0x000f4e       data     extern C:\MCC18\src\traditional\proc\p18F458.asm
           CANSTATRO2bits   0x000f4e       data     extern C:\MCC18\src\traditional\proc\p18F458.asm
               CANSTATRO3   0x000f3e       data     extern C:\MCC18\src\traditional\proc\p18F458.asm
           CANSTATRO3bits   0x000f3e       data     extern C:\MCC18\src\traditional\proc\p18F458.asm
               CANSTATRO4   0x000f2e       data     extern C:\MCC18\src\traditional\proc\p18F458.asm
           CANSTATRO4bits   0x000f2e       data     extern C:\MCC18\src\traditional\proc\p18F458.asm
              CANSTATbits   0x000f6e       data     extern C:\MCC18\src\traditional\proc\p18F458.asm
                  CCP1CON   0x000fbd       data     extern C:\MCC18\src\traditional\proc\p18F458.asm
              CCP1CONbits   0x000fbd       data     extern C:\MCC18\src\traditional\proc\p18F458.asm
                    CCPR1   0x000fbe       data     extern C:\MCC18\src\traditional\proc\p18F458.asm
                   CCPR1H   0x000fbf       data     extern C:\MCC18\src\traditional\proc\p18F458.asm
                   CCPR1L   0x000fbe       data     extern C:\MCC18\src\traditional\proc\p18F458.asm
                   CIOCON   0x000f73       data     extern C:\MCC18\src\traditional\proc\p18F458.asm
               CIOCONbits   0x000f73       data     extern C:\MCC18\src\traditional\proc\p18F458.asm
                    CMCON   0x000fb4       data     extern C:\MCC18\src\traditional\proc\p18F458.asm
                CMCONbits   0x000fb4       data     extern C:\MCC18\src\traditional\proc\p18F458.asm
                  COMSTAT   0x000f74       data     extern C:\MCC18\src\traditional\proc\p18F458.asm
              COMSTATbits   0x000f74       data     extern C:\MCC18\src\traditional\proc\p18F458.asm
                   CVRCON   0x000fb5       data     extern C:\MCC18\src\traditional\proc\p18F458.asm
               CVRCONbits   0x000fb5       data     extern C:\MCC18\src\traditional\proc\p18F458.asm
                     DDRA   0x000f92       data     extern C:\MCC18\src\traditional\proc\p18F458.asm
                 DDRAbits   0x000f92       data     extern C:\MCC18\src\traditional\proc\p18F458.asm
                     DDRB   0x000f93       data     extern C:\MCC18\src\traditional\proc\p18F458.asm
                 DDRBbits   0x000f93       data     extern C:\MCC18\src\traditional\proc\p18F458.asm
                     DDRC   0x000f94       data     extern C:\MCC18\src\traditional\proc\p18F458.asm
                 DDRCbits   0x000f94       data     extern C:\MCC18\src\traditional\proc\p18F458.asm
                     DDRD   0x000f95       data     extern C:\MCC18\src\traditional\proc\p18F458.asm
                 DDRDbits   0x000f95       data     extern C:\MCC18\src\traditional\proc\p18F458.asm
                     DDRE   0x000f96       data     extern C:\MCC18\src\traditional\proc\p18F458.asm
                 DDREbits   0x000f96       data     extern C:\MCC18\src\traditional\proc\p18F458.asm
                 ECCP1CON   0x000fba       data     extern C:\MCC18\src\traditional\proc\p18F458.asm
             ECCP1CONbits   0x000fba       data     extern C:\MCC18\src\traditional\proc\p18F458.asm
                 ECCP1DEL   0x000fb7       data     extern C:\MCC18\src\traditional\proc\p18F458.asm
             ECCP1DELbits   0x000fb7       data     extern C:\MCC18\src\traditional\proc\p18F458.asm
                   ECCPAS   0x000fb6       data     extern C:\MCC18\src\traditional\proc\p18F458.asm
               ECCPASbits   0x000fb6       data     extern C:\MCC18\src\traditional\proc\p18F458.asm
                   ECCPR1   0x000fbb       data     extern C:\MCC18\src\traditional\proc\p18F458.asm
                  ECCPR1H   0x000fbc       data     extern C:\MCC18\src\traditional\proc\p18F458.asm
                  ECCPR1L   0x000fbb       data     extern C:\MCC18\src\traditional\proc\p18F458.asm
                    EEADR   0x000fa9       data     extern C:\MCC18\src\traditional\proc\p18F458.asm
                   EECON1   0x000fa6       data     extern C:\MCC18\src\traditional\proc\p18F458.asm
               EECON1bits   0x000fa6       data     extern C:\MCC18\src\traditional\proc\p18F458.asm
                   EECON2   0x000fa7       data     extern C:\MCC18\src\traditional\proc\p18F458.asm
                   EEDATA   0x000fa8       data     extern C:\MCC18\src\traditional\proc\p18F458.asm
                     FSR0   0x000fe9       data     extern C:\MCC18\src\traditional\proc\p18F458.asm
                    FSR0H   0x000fea       data     extern C:\MCC18\src\traditional\proc\p18F458.asm
                    FSR0L   0x000fe9       data     extern C:\MCC18\src\traditional\proc\p18F458.asm
                     FSR1   0x000fe1       data     extern C:\MCC18\src\traditional\proc\p18F458.asm
                    FSR1H   0x000fe2       data     extern C:\MCC18\src\traditional\proc\p18F458.asm
                    FSR1L   0x000fe1       data     extern C:\MCC18\src\traditional\proc\p18F458.asm
                     FSR2   0x000fd9       data     extern C:\MCC18\src\traditional\proc\p18F458.asm
                    FSR2H   0x000fda       data     extern C:\MCC18\src\traditional\proc\p18F458.asm
                    FSR2L   0x000fd9       data     extern C:\MCC18\src\traditional\proc\p18F458.asm
                    INDF0   0x000fef       data     extern C:\MCC18\src\traditional\proc\p18F458.asm
                    INDF1   0x000fe7       data     extern C:\MCC18\src\traditional\proc\p18F458.asm
                    INDF2   0x000fdf       data     extern C:\MCC18\src\traditional\proc\p18F458.asm
                   INTCON   0x000ff2       data     extern C:\MCC18\src\traditional\proc\p18F458.asm
                  INTCON1   0x000ff2       data     extern C:\MCC18\src\traditional\proc\p18F458.asm
              INTCON1bits   0x000ff2       data     extern C:\MCC18\src\traditional\proc\p18F458.asm
                  INTCON2   0x000ff1       data     extern C:\MCC18\src\traditional\proc\p18F458.asm
              INTCON2bits   0x000ff1       data     extern C:\MCC18\src\traditional\proc\p18F458.asm
                  INTCON3   0x000ff0       data     extern C:\MCC18\src\traditional\proc\p18F458.asm
              INTCON3bits   0x000ff0       data     extern C:\MCC18\src\traditional\proc\p18F458.asm
               INTCONbits   0x000ff2       data     extern C:\MCC18\src\traditional\proc\p18F458.asm
                     IPR1   0x000f9f       data     extern C:\MCC18\src\traditional\proc\p18F458.asm
                 IPR1bits   0x000f9f       data     extern C:\MCC18\src\traditional\proc\p18F458.asm
                     IPR2   0x000fa2       data     extern C:\MCC18\src\traditional\proc\p18F458.asm
                 IPR2bits   0x000fa2       data     extern C:\MCC18\src\traditional\proc\p18F458.asm
                     IPR3   0x000fa5       data     extern C:\MCC18\src\traditional\proc\p18F458.asm
                 IPR3bits   0x000fa5       data     extern C:\MCC18\src\traditional\proc\p18F458.asm
                     LATA   0x000f89       data     extern C:\MCC18\src\traditional\proc\p18F458.asm
                 LATAbits   0x000f89       data     extern C:\MCC18\src\traditional\proc\p18F458.asm
                     LATB   0x000f8a       data     extern C:\MCC18\src\traditional\proc\p18F458.asm
                 LATBbits   0x000f8a       data     extern C:\MCC18\src\traditional\proc\p18F458.asm
                     LATC   0x000f8b       data     extern C:\MCC18\src\traditional\proc\p18F458.asm
                 LATCbits   0x000f8b       data     extern C:\MCC18\src\traditional\proc\p18F458.asm
                     LATD   0x000f8c       data     extern C:\MCC18\src\traditional\proc\p18F458.asm
                 LATDbits   0x000f8c       data     extern C:\MCC18\src\traditional\proc\p18F458.asm
                     LATE   0x000f8d       data     extern C:\MCC18\src\traditional\proc\p18F458.asm
                 LATEbits   0x000f8d       data     extern C:\MCC18\src\traditional\proc\p18F458.asm
                   LVDCON   0x000fd2       data     extern C:\MCC18\src\traditional\proc\p18F458.asm
               LVDCONbits   0x000fd2       data     extern C:\MCC18\src\traditional\proc\p18F458.asm
                   OSCCON   0x000fd3       data     extern C:\MCC18\src\traditional\proc\p18F458.asm
               OSCCONbits   0x000fd3       data     extern C:\MCC18\src\traditional\proc\p18F458.asm
                       PC   0x000ff9       data     extern C:\MCC18\src\traditional\proc\p18F458.asm
                      PCL   0x000ff9       data     extern C:\MCC18\src\traditional\proc\p18F458.asm
                   PCLATH   0x000ffa       data     extern C:\MCC18\src\traditional\proc\p18F458.asm
                   PCLATU   0x000ffb       data     extern C:\MCC18\src\traditional\proc\p18F458.asm
                     PIE1   0x000f9d       data     extern C:\MCC18\src\traditional\proc\p18F458.asm
                 PIE1bits   0x000f9d       data     extern C:\MCC18\src\traditional\proc\p18F458.asm
                     PIE2   0x000fa0       data     extern C:\MCC18\src\traditional\proc\p18F458.asm
                 PIE2bits   0x000fa0       data     extern C:\MCC18\src\traditional\proc\p18F458.asm
                     PIE3   0x000fa3       data     extern C:\MCC18\src\traditional\proc\p18F458.asm
                 PIE3bits   0x000fa3       data     extern C:\MCC18\src\traditional\proc\p18F458.asm
                     PIR1   0x000f9e       data     extern C:\MCC18\src\traditional\proc\p18F458.asm
                 PIR1bits   0x000f9e       data     extern C:\MCC18\src\traditional\proc\p18F458.asm
                     PIR2   0x000fa1       data     extern C:\MCC18\src\traditional\proc\p18F458.asm
                 PIR2bits   0x000fa1       data     extern C:\MCC18\src\traditional\proc\p18F458.asm
                     PIR3   0x000fa4       data     extern C:\MCC18\src\traditional\proc\p18F458.asm
                 PIR3bits   0x000fa4       data     extern C:\MCC18\src\traditional\proc\p18F458.asm
                   PLUSW0   0x000feb       data     extern C:\MCC18\src\traditional\proc\p18F458.asm
                   PLUSW1   0x000fe3       data     extern C:\MCC18\src\traditional\proc\p18F458.asm
                   PLUSW2   0x000fdb       data     extern C:\MCC18\src\traditional\proc\p18F458.asm
                    PORTA   0x000f80       data     extern C:\MCC18\src\traditional\proc\p18F458.asm
                PORTAbits   0x000f80       data     extern C:\MCC18\src\traditional\proc\p18F458.asm
                    PORTB   0x000f81       data     extern C:\MCC18\src\traditional\proc\p18F458.asm
                PORTBbits   0x000f81       data     extern C:\MCC18\src\traditional\proc\p18F458.asm
                    PORTC   0x000f82       data     extern C:\MCC18\src\traditional\proc\p18F458.asm
                PORTCbits   0x000f82       data     extern C:\MCC18\src\traditional\proc\p18F458.asm
                    PORTD   0x000f83       data     extern C:\MCC18\src\traditional\proc\p18F458.asm
                PORTDbits   0x000f83       data     extern C:\MCC18\src\traditional\proc\p18F458.asm
                    PORTE   0x000f84       data     extern C:\MCC18\src\traditional\proc\p18F458.asm
                PORTEbits   0x000f84       data     extern C:\MCC18\src\traditional\proc\p18F458.asm
                 POSTDEC0   0x000fed       data     extern C:\MCC18\src\traditional\proc\p18F458.asm
                 POSTDEC1   0x000fe5       data     extern C:\MCC18\src\traditional\proc\p18F458.asm
                 POSTDEC2   0x000fdd       data     extern C:\MCC18\src\traditional\proc\p18F458.asm
                 POSTINC0   0x000fee       data     extern C:\MCC18\src\traditional\proc\p18F458.asm
                 POSTINC1   0x000fe6       data     extern C:\MCC18\src\traditional\proc\p18F458.asm
                 POSTINC2   0x000fde       data     extern C:\MCC18\src\traditional\proc\p18F458.asm
                      PR2   0x000fcb       data     extern C:\MCC18\src\traditional\proc\p18F458.asm
                  PREINC0   0x000fec       data     extern C:\MCC18\src\traditional\proc\p18F458.asm
                  PREINC1   0x000fe4       data     extern C:\MCC18\src\traditional\proc\p18F458.asm
                  PREINC2   0x000fdc       data     extern C:\MCC18\src\traditional\proc\p18F458.asm
                     PROD   0x000ff3       data     extern C:\MCC18\src\traditional\proc\p18F458.asm
                    PRODH   0x000ff4       data     extern C:\MCC18\src\traditional\proc\p18F458.asm
                    PRODL   0x000ff3       data     extern C:\MCC18\src\traditional\proc\p18F458.asm
                     RCON   0x000fd0       data     extern C:\MCC18\src\traditional\proc\p18F458.asm
                 RCONbits   0x000fd0       data     extern C:\MCC18\src\traditional\proc\p18F458.asm
                    RCREG   0x000fae       data     extern C:\MCC18\src\traditional\proc\p18F458.asm
                    RCSTA   0x000fab       data     extern C:\MCC18\src\traditional\proc\p18F458.asm
                RCSTAbits   0x000fab       data     extern C:\MCC18\src\traditional\proc\p18F458.asm
                  RXB0CON   0x000f60       data     extern C:\MCC18\src\traditional\proc\p18F458.asm
              RXB0CONbits   0x000f60       data     extern C:\MCC18\src\traditional\proc\p18F458.asm
                   RXB0D0   0x000f66       data     extern C:\MCC18\src\traditional\proc\p18F458.asm
               RXB0D0bits   0x000f66       data     extern C:\MCC18\src\traditional\proc\p18F458.asm
                   RXB0D1   0x000f67       data     extern C:\MCC18\src\traditional\proc\p18F458.asm
               RXB0D1bits   0x000f67       data     extern C:\MCC18\src\traditional\proc\p18F458.asm
                   RXB0D2   0x000f68       data     extern C:\MCC18\src\traditional\proc\p18F458.asm
               RXB0D2bits   0x000f68       data     extern C:\MCC18\src\traditional\proc\p18F458.asm
                   RXB0D3   0x000f69       data     extern C:\MCC18\src\traditional\proc\p18F458.asm
               RXB0D3bits   0x000f69       data     extern C:\MCC18\src\traditional\proc\p18F458.asm
                   RXB0D4   0x000f6a       data     extern C:\MCC18\src\traditional\proc\p18F458.asm
               RXB0D4bits   0x000f6a       data     extern C:\MCC18\src\traditional\proc\p18F458.asm
                   RXB0D5   0x000f6b       data     extern C:\MCC18\src\traditional\proc\p18F458.asm
               RXB0D5bits   0x000f6b       data     extern C:\MCC18\src\traditional\proc\p18F458.asm
                   RXB0D6   0x000f6c       data     extern C:\MCC18\src\traditional\proc\p18F458.asm
               RXB0D6bits   0x000f6c       data     extern C:\MCC18\src\traditional\proc\p18F458.asm
                   RXB0D7   0x000f6d       data     extern C:\MCC18\src\traditional\proc\p18F458.asm
               RXB0D7bits   0x000f6d       data     extern C:\MCC18\src\traditional\proc\p18F458.asm
                  RXB0DLC   0x000f65       data     extern C:\MCC18\src\traditional\proc\p18F458.asm
              RXB0DLCbits   0x000f65       data     extern C:\MCC18\src\traditional\proc\p18F458.asm
                 RXB0EIDH   0x000f63       data     extern C:\MCC18\src\traditional\proc\p18F458.asm
             RXB0EIDHbits   0x000f63       data     extern C:\MCC18\src\traditional\proc\p18F458.asm
                 RXB0EIDL   0x000f64       data     extern C:\MCC18\src\traditional\proc\p18F458.asm
             RXB0EIDLbits   0x000f64       data     extern C:\MCC18\src\traditional\proc\p18F458.asm
                 RXB0SIDH   0x000f61       data     extern C:\MCC18\src\traditional\proc\p18F458.asm
             RXB0SIDHbits   0x000f61       data     extern C:\MCC18\src\traditional\proc\p18F458.asm
                 RXB0SIDL   0x000f62       data     extern C:\MCC18\src\traditional\proc\p18F458.asm
             RXB0SIDLbits   0x000f62       data     extern C:\MCC18\src\traditional\proc\p18F458.asm
                  RXB1CON   0x000f50       data     extern C:\MCC18\src\traditional\proc\p18F458.asm
              RXB1CONbits   0x000f50       data     extern C:\MCC18\src\traditional\proc\p18F458.asm
                   RXB1D0   0x000f56       data     extern C:\MCC18\src\traditional\proc\p18F458.asm
               RXB1D0bits   0x000f56       data     extern C:\MCC18\src\traditional\proc\p18F458.asm
                   RXB1D1   0x000f57       data     extern C:\MCC18\src\traditional\proc\p18F458.asm
               RXB1D1bits   0x000f57       data     extern C:\MCC18\src\traditional\proc\p18F458.asm
                   RXB1D2   0x000f58       data     extern C:\MCC18\src\traditional\proc\p18F458.asm
               RXB1D2bits   0x000f58       data     extern C:\MCC18\src\traditional\proc\p18F458.asm
                   RXB1D3   0x000f59       data     extern C:\MCC18\src\traditional\proc\p18F458.asm
               RXB1D3bits   0x000f59       data     extern C:\MCC18\src\traditional\proc\p18F458.asm
                   RXB1D4   0x000f5a       data     extern C:\MCC18\src\traditional\proc\p18F458.asm
               RXB1D4bits   0x000f5a       data     extern C:\MCC18\src\traditional\proc\p18F458.asm
                   RXB1D5   0x000f5b       data     extern C:\MCC18\src\traditional\proc\p18F458.asm
               RXB1D5bits   0x000f5b       data     extern C:\MCC18\src\traditional\proc\p18F458.asm
                   RXB1D6   0x000f5c       data     extern C:\MCC18\src\traditional\proc\p18F458.asm
               RXB1D6bits   0x000f5c       data     extern C:\MCC18\src\traditional\proc\p18F458.asm
                   RXB1D7   0x000f5d       data     extern C:\MCC18\src\traditional\proc\p18F458.asm
               RXB1D7bits   0x000f5d       data     extern C:\MCC18\src\traditional\proc\p18F458.asm
                  RXB1DLC   0x000f55       data     extern C:\MCC18\src\traditional\proc\p18F458.asm
              RXB1DLCbits   0x000f55       data     extern C:\MCC18\src\traditional\proc\p18F458.asm
                 RXB1EIDH   0x000f53       data     extern C:\MCC18\src\traditional\proc\p18F458.asm
             RXB1EIDHbits   0x000f53       data     extern C:\MCC18\src\traditional\proc\p18F458.asm
                 RXB1EIDL   0x000f54       data     extern C:\MCC18\src\traditional\proc\p18F458.asm
             RXB1EIDLbits   0x000f54       data     extern C:\MCC18\src\traditional\proc\p18F458.asm
                 RXB1SIDH   0x000f51       data     extern C:\MCC18\src\traditional\proc\p18F458.asm
             RXB1SIDHbits   0x000f51       data     extern C:\MCC18\src\traditional\proc\p18F458.asm
                 RXB1SIDL   0x000f52       data     extern C:\MCC18\src\traditional\proc\p18F458.asm
             RXB1SIDLbits   0x000f52       data     extern C:\MCC18\src\traditional\proc\p18F458.asm
                 RXERRCNT   0x000f75       data     extern C:\MCC18\src\traditional\proc\p18F458.asm
             RXERRCNTbits   0x000f75       data     extern C:\MCC18\src\traditional\proc\p18F458.asm
                 RXF0EIDH   0x000f02       data     extern C:\MCC18\src\traditional\proc\p18F458.asm
             RXF0EIDHbits   0x000f02       data     extern C:\MCC18\src\traditional\proc\p18F458.asm
                 RXF0EIDL   0x000f03       data     extern C:\MCC18\src\traditional\proc\p18F458.asm
             RXF0EIDLbits   0x000f03       data     extern C:\MCC18\src\traditional\proc\p18F458.asm
                 RXF0SIDH   0x000f00       data     extern C:\MCC18\src\traditional\proc\p18F458.asm
             RXF0SIDHbits   0x000f00       data     extern C:\MCC18\src\traditional\proc\p18F458.asm
                 RXF0SIDL   0x000f01       data     extern C:\MCC18\src\traditional\proc\p18F458.asm
             RXF0SIDLbits   0x000f01       data     extern C:\MCC18\src\traditional\proc\p18F458.asm
                 RXF1EIDH   0x000f06       data     extern C:\MCC18\src\traditional\proc\p18F458.asm
             RXF1EIDHbits   0x000f06       data     extern C:\MCC18\src\traditional\proc\p18F458.asm
                 RXF1EIDL   0x000f07       data     extern C:\MCC18\src\traditional\proc\p18F458.asm
             RXF1EIDLbits   0x000f07       data     extern C:\MCC18\src\traditional\proc\p18F458.asm
                 RXF1SIDH   0x000f04       data     extern C:\MCC18\src\traditional\proc\p18F458.asm
             RXF1SIDHbits   0x000f04       data     extern C:\MCC18\src\traditional\proc\p18F458.asm
                 RXF1SIDL   0x000f05       data     extern C:\MCC18\src\traditional\proc\p18F458.asm
             RXF1SIDLbits   0x000f05       data     extern C:\MCC18\src\traditional\proc\p18F458.asm
                 RXF2EIDH   0x000f0a       data     extern C:\MCC18\src\traditional\proc\p18F458.asm
             RXF2EIDHbits   0x000f0a       data     extern C:\MCC18\src\traditional\proc\p18F458.asm
                 RXF2EIDL   0x000f0b       data     extern C:\MCC18\src\traditional\proc\p18F458.asm
             RXF2EIDLbits   0x000f0b       data     extern C:\MCC18\src\traditional\proc\p18F458.asm
                 RXF2SIDH   0x000f08       data     extern C:\MCC18\src\traditional\proc\p18F458.asm
             RXF2SIDHbits   0x000f08       data     extern C:\MCC18\src\traditional\proc\p18F458.asm
                 RXF2SIDL   0x000f09       data     extern C:\MCC18\src\traditional\proc\p18F458.asm
             RXF2SIDLbits   0x000f09       data     extern C:\MCC18\src\traditional\proc\p18F458.asm
                 RXF3EIDH   0x000f0e       data     extern C:\MCC18\src\traditional\proc\p18F458.asm
             RXF3EIDHbits   0x000f0e       data     extern C:\MCC18\src\traditional\proc\p18F458.asm
                 RXF3EIDL   0x000f0f       data     extern C:\MCC18\src\traditional\proc\p18F458.asm
             RXF3EIDLbits   0x000f0f       data     extern C:\MCC18\src\traditional\proc\p18F458.asm
                 RXF3SIDH   0x000f0c       data     extern C:\MCC18\src\traditional\proc\p18F458.asm
             RXF3SIDHbits   0x000f0c       data     extern C:\MCC18\src\traditional\proc\p18F458.asm
                 RXF3SIDL   0x000f0d       data     extern C:\MCC18\src\traditional\proc\p18F458.asm
             RXF3SIDLbits   0x000f0d       data     extern C:\MCC18\src\traditional\proc\p18F458.asm
                 RXF4EIDH   0x000f12       data     extern C:\MCC18\src\traditional\proc\p18F458.asm
             RXF4EIDHbits   0x000f12       data     extern C:\MCC18\src\traditional\proc\p18F458.asm
                 RXF4EIDL   0x000f13       data     extern C:\MCC18\src\traditional\proc\p18F458.asm
             RXF4EIDLbits   0x000f13       data     extern C:\MCC18\src\traditional\proc\p18F458.asm
                 RXF4SIDH   0x000f10       data     extern C:\MCC18\src\traditional\proc\p18F458.asm
             RXF4SIDHbits   0x000f10       data     extern C:\MCC18\src\traditional\proc\p18F458.asm
                 RXF4SIDL   0x000f11       data     extern C:\MCC18\src\traditional\proc\p18F458.asm
             RXF4SIDLbits   0x000f11       data     extern C:\MCC18\src\traditional\proc\p18F458.asm
                 RXF5EIDH   0x000f16       data     extern C:\MCC18\src\traditional\proc\p18F458.asm
             RXF5EIDHbits   0x000f16       data     extern C:\MCC18\src\traditional\proc\p18F458.asm
                 RXF5EIDL   0x000f17       data     extern C:\MCC18\src\traditional\proc\p18F458.asm
             RXF5EIDLbits   0x000f17       data     extern C:\MCC18\src\traditional\proc\p18F458.asm
                 RXF5SIDH   0x000f14       data     extern C:\MCC18\src\traditional\proc\p18F458.asm
             RXF5SIDHbits   0x000f14       data     extern C:\MCC18\src\traditional\proc\p18F458.asm
                 RXF5SIDL   0x000f15       data     extern C:\MCC18\src\traditional\proc\p18F458.asm
             RXF5SIDLbits   0x000f15       data     extern C:\MCC18\src\traditional\proc\p18F458.asm
                 RXM0EIDH   0x000f1a       data     extern C:\MCC18\src\traditional\proc\p18F458.asm
             RXM0EIDHbits   0x000f1a       data     extern C:\MCC18\src\traditional\proc\p18F458.asm
                 RXM0EIDL   0x000f1b       data     extern C:\MCC18\src\traditional\proc\p18F458.asm
             RXM0EIDLbits   0x000f1b       data     extern C:\MCC18\src\traditional\proc\p18F458.asm
                 RXM0SIDH   0x000f18       data     extern C:\MCC18\src\traditional\proc\p18F458.asm
             RXM0SIDHbits   0x000f18       data     extern C:\MCC18\src\traditional\proc\p18F458.asm
                 RXM0SIDL   0x000f19       data     extern C:\MCC18\src\traditional\proc\p18F458.asm
             RXM0SIDLbits   0x000f19       data     extern C:\MCC18\src\traditional\proc\p18F458.asm
                 RXM1EIDH   0x000f1e       data     extern C:\MCC18\src\traditional\proc\p18F458.asm
             RXM1EIDHbits   0x000f1e       data     extern C:\MCC18\src\traditional\proc\p18F458.asm
                 RXM1EIDL   0x000f1f       data     extern C:\MCC18\src\traditional\proc\p18F458.asm
             RXM1EIDLbits   0x000f1f       data     extern C:\MCC18\src\traditional\proc\p18F458.asm
                 RXM1SIDH   0x000f1c       data     extern C:\MCC18\src\traditional\proc\p18F458.asm
             RXM1SIDHbits   0x000f1c       data     extern C:\MCC18\src\traditional\proc\p18F458.asm
                 RXM1SIDL   0x000f1d       data     extern C:\MCC18\src\traditional\proc\p18F458.asm
             RXM1SIDLbits   0x000f1d       data     extern C:\MCC18\src\traditional\proc\p18F458.asm
                     SIGN   0x000000       data     extern C:\MCC18\src\traditional\math\cmath18.asm
                    SPBRG   0x000faf       data     extern C:\MCC18\src\traditional\proc\p18F458.asm
                   SSPADD   0x000fc8       data     extern C:\MCC18\src\traditional\proc\p18F458.asm
                   SSPBUF   0x000fc9       data     extern C:\MCC18\src\traditional\proc\p18F458.asm
                  SSPCON1   0x000fc6       data     extern C:\MCC18\src\traditional\proc\p18F458.asm
              SSPCON1bits   0x000fc6       data     extern C:\MCC18\src\traditional\proc\p18F458.asm
                  SSPCON2   0x000fc5       data     extern C:\MCC18\src\traditional\proc\p18F458.asm
              SSPCON2bits   0x000fc5       data     extern C:\MCC18\src\traditional\proc\p18F458.asm
                  SSPSTAT   0x000fc7       data     extern C:\MCC18\src\traditional\proc\p18F458.asm
              SSPSTATbits   0x000fc7       data     extern C:\MCC18\src\traditional\proc\p18F458.asm
                   STATUS   0x000fd8       data     extern C:\MCC18\src\traditional\proc\p18F458.asm
               STATUSbits   0x000fd8       data     extern C:\MCC18\src\traditional\proc\p18F458.asm
                   STKPTR   0x000ffc       data     extern C:\MCC18\src\traditional\proc\p18F458.asm
               STKPTRbits   0x000ffc       data     extern C:\MCC18\src\traditional\proc\p18F458.asm
                    T0CON   0x000fd5       data     extern C:\MCC18\src\traditional\proc\p18F458.asm
                T0CONbits   0x000fd5       data     extern C:\MCC18\src\traditional\proc\p18F458.asm
                    T1CON   0x000fcd       data     extern C:\MCC18\src\traditional\proc\p18F458.asm
                T1CONbits   0x000fcd       data     extern C:\MCC18\src\traditional\proc\p18F458.asm
                    T2CON   0x000fca       data     extern C:\MCC18\src\traditional\proc\p18F458.asm
                T2CONbits   0x000fca       data     extern C:\MCC18\src\traditional\proc\p18F458.asm
                    T3CON   0x000fb1       data     extern C:\MCC18\src\traditional\proc\p18F458.asm
                T3CONbits   0x000fb1       data     extern C:\MCC18\src\traditional\proc\p18F458.asm
                   TABLAT   0x000ff5       data     extern C:\MCC18\src\traditional\proc\p18F458.asm
                   TBLPTR   0x000ff6       data     extern C:\MCC18\src\traditional\proc\p18F458.asm
                  TBLPTRH   0x000ff7       data     extern C:\MCC18\src\traditional\proc\p18F458.asm
                  TBLPTRL   0x000ff6       data     extern C:\MCC18\src\traditional\proc\p18F458.asm
                  TBLPTRU   0x000ff8       data     extern C:\MCC18\src\traditional\proc\p18F458.asm
                    TMR0H   0x000fd7       data     extern C:\MCC18\src\traditional\proc\p18F458.asm
                    TMR0L   0x000fd6       data     extern C:\MCC18\src\traditional\proc\p18F458.asm
                    TMR1H   0x000fcf       data     extern C:\MCC18\src\traditional\proc\p18F458.asm
                    TMR1L   0x000fce       data     extern C:\MCC18\src\traditional\proc\p18F458.asm
                     TMR2   0x000fcc       data     extern C:\MCC18\src\traditional\proc\p18F458.asm
                    TMR3H   0x000fb3       data     extern C:\MCC18\src\traditional\proc\p18F458.asm
                    TMR3L   0x000fb2       data     extern C:\MCC18\src\traditional\proc\p18F458.asm
                      TOS   0x000ffd       data     extern C:\MCC18\src\traditional\proc\p18F458.asm
                     TOSH   0x000ffe       data     extern C:\MCC18\src\traditional\proc\p18F458.asm
                     TOSL   0x000ffd       data     extern C:\MCC18\src\traditional\proc\p18F458.asm
                     TOSU   0x000fff       data     extern C:\MCC18\src\traditional\proc\p18F458.asm
                    TRISA   0x000f92       data     extern C:\MCC18\src\traditional\proc\p18F458.asm
                TRISAbits   0x000f92       data     extern C:\MCC18\src\traditional\proc\p18F458.asm
                    TRISB   0x000f93       data     extern C:\MCC18\src\traditional\proc\p18F458.asm
                TRISBbits   0x000f93       data     extern C:\MCC18\src\traditional\proc\p18F458.asm
                    TRISC   0x000f94       data     extern C:\MCC18\src\traditional\proc\p18F458.asm
                TRISCbits   0x000f94       data     extern C:\MCC18\src\traditional\proc\p18F458.asm
                    TRISD   0x000f95       data     extern C:\MCC18\src\traditional\proc\p18F458.asm
                TRISDbits   0x000f95       data     extern C:\MCC18\src\traditional\proc\p18F458.asm
                    TRISE   0x000f96       data     extern C:\MCC18\src\traditional\proc\p18F458.asm
                TRISEbits   0x000f96       data     extern C:\MCC18\src\traditional\proc\p18F458.asm
                  TXB0CON   0x000f40       data     extern C:\MCC18\src\traditional\proc\p18F458.asm
              TXB0CONbits   0x000f40       data     extern C:\MCC18\src\traditional\proc\p18F458.asm
                   TXB0D0   0x000f46       data     extern C:\MCC18\src\traditional\proc\p18F458.asm
               TXB0D0bits   0x000f46       data     extern C:\MCC18\src\traditional\proc\p18F458.asm
                   TXB0D1   0x000f47       data     extern C:\MCC18\src\traditional\proc\p18F458.asm
               TXB0D1bits   0x000f47       data     extern C:\MCC18\src\traditional\proc\p18F458.asm
                   TXB0D2   0x000f48       data     extern C:\MCC18\src\traditional\proc\p18F458.asm
               TXB0D2bits   0x000f48       data     extern C:\MCC18\src\traditional\proc\p18F458.asm
                   TXB0D3   0x000f49       data     extern C:\MCC18\src\traditional\proc\p18F458.asm
               TXB0D3bits   0x000f49       data     extern C:\MCC18\src\traditional\proc\p18F458.asm
                   TXB0D4   0x000f4a       data     extern C:\MCC18\src\traditional\proc\p18F458.asm
               TXB0D4bits   0x000f4a       data     extern C:\MCC18\src\traditional\proc\p18F458.asm
                   TXB0D5   0x000f4b       data     extern C:\MCC18\src\traditional\proc\p18F458.asm
               TXB0D5bits   0x000f4b       data     extern C:\MCC18\src\traditional\proc\p18F458.asm
                   TXB0D6   0x000f4c       data     extern C:\MCC18\src\traditional\proc\p18F458.asm
               TXB0D6bits   0x000f4c       data     extern C:\MCC18\src\traditional\proc\p18F458.asm
                   TXB0D7   0x000f4d       data     extern C:\MCC18\src\traditional\proc\p18F458.asm
               TXB0D7bits   0x000f4d       data     extern C:\MCC18\src\traditional\proc\p18F458.asm
                  TXB0DLC   0x000f45       data     extern C:\MCC18\src\traditional\proc\p18F458.asm
              TXB0DLCbits   0x000f45       data     extern C:\MCC18\src\traditional\proc\p18F458.asm
                 TXB0EIDH   0x000f43       data     extern C:\MCC18\src\traditional\proc\p18F458.asm
             TXB0EIDHbits   0x000f43       data     extern C:\MCC18\src\traditional\proc\p18F458.asm
                 TXB0EIDL   0x000f44       data     extern C:\MCC18\src\traditional\proc\p18F458.asm
             TXB0EIDLbits   0x000f44       data     extern C:\MCC18\src\traditional\proc\p18F458.asm
                 TXB0SIDH   0x000f41       data     extern C:\MCC18\src\traditional\proc\p18F458.asm
             TXB0SIDHbits   0x000f41       data     extern C:\MCC18\src\traditional\proc\p18F458.asm
                 TXB0SIDL   0x000f42       data     extern C:\MCC18\src\traditional\proc\p18F458.asm
             TXB0SIDLbits   0x000f42       data     extern C:\MCC18\src\traditional\proc\p18F458.asm
                  TXB1CON   0x000f30       data     extern C:\MCC18\src\traditional\proc\p18F458.asm
              TXB1CONbits   0x000f30       data     extern C:\MCC18\src\traditional\proc\p18F458.asm
                   TXB1D0   0x000f36       data     extern C:\MCC18\src\traditional\proc\p18F458.asm
               TXB1D0bits   0x000f36       data     extern C:\MCC18\src\traditional\proc\p18F458.asm
                   TXB1D1   0x000f37       data     extern C:\MCC18\src\traditional\proc\p18F458.asm
               TXB1D1bits   0x000f37       data     extern C:\MCC18\src\traditional\proc\p18F458.asm
                   TXB1D2   0x000f38       data     extern C:\MCC18\src\traditional\proc\p18F458.asm
               TXB1D2bits   0x000f38       data     extern C:\MCC18\src\traditional\proc\p18F458.asm
                   TXB1D3   0x000f39       data     extern C:\MCC18\src\traditional\proc\p18F458.asm
               TXB1D3bits   0x000f39       data     extern C:\MCC18\src\traditional\proc\p18F458.asm
                   TXB1D4   0x000f3a       data     extern C:\MCC18\src\traditional\proc\p18F458.asm
               TXB1D4bits   0x000f3a       data     extern C:\MCC18\src\traditional\proc\p18F458.asm
                   TXB1D5   0x000f3b       data     extern C:\MCC18\src\traditional\proc\p18F458.asm
               TXB1D5bits   0x000f3b       data     extern C:\MCC18\src\traditional\proc\p18F458.asm
                   TXB1D6   0x000f3c       data     extern C:\MCC18\src\traditional\proc\p18F458.asm
               TXB1D6bits   0x000f3c       data     extern C:\MCC18\src\traditional\proc\p18F458.asm
                   TXB1D7   0x000f3d       data     extern C:\MCC18\src\traditional\proc\p18F458.asm
               TXB1D7bits   0x000f3d       data     extern C:\MCC18\src\traditional\proc\p18F458.asm
                  TXB1DLC   0x000f35       data     extern C:\MCC18\src\traditional\proc\p18F458.asm
              TXB1DLCbits   0x000f35       data     extern C:\MCC18\src\traditional\proc\p18F458.asm
                 TXB1EIDH   0x000f33       data     extern C:\MCC18\src\traditional\proc\p18F458.asm
             TXB1EIDHbits   0x000f33       data     extern C:\MCC18\src\traditional\proc\p18F458.asm
                 TXB1EIDL   0x000f34       data     extern C:\MCC18\src\traditional\proc\p18F458.asm
             TXB1EIDLbits   0x000f34       data     extern C:\MCC18\src\traditional\proc\p18F458.asm
                 TXB1SIDH   0x000f31       data     extern C:\MCC18\src\traditional\proc\p18F458.asm
             TXB1SIDHbits   0x000f31       data     extern C:\MCC18\src\traditional\proc\p18F458.asm
                 TXB1SIDL   0x000f32       data     extern C:\MCC18\src\traditional\proc\p18F458.asm
             TXB1SIDLbits   0x000f32       data     extern C:\MCC18\src\traditional\proc\p18F458.asm
                  TXB2CON   0x000f20       data     extern C:\MCC18\src\traditional\proc\p18F458.asm
              TXB2CONbits   0x000f20       data     extern C:\MCC18\src\traditional\proc\p18F458.asm
                   TXB2D0   0x000f26       data     extern C:\MCC18\src\traditional\proc\p18F458.asm
               TXB2D0bits   0x000f26       data     extern C:\MCC18\src\traditional\proc\p18F458.asm
                   TXB2D1   0x000f27       data     extern C:\MCC18\src\traditional\proc\p18F458.asm
               TXB2D1bits   0x000f27       data     extern C:\MCC18\src\traditional\proc\p18F458.asm
                   TXB2D2   0x000f28       data     extern C:\MCC18\src\traditional\proc\p18F458.asm
               TXB2D2bits   0x000f28       data     extern C:\MCC18\src\traditional\proc\p18F458.asm
                   TXB2D3   0x000f29       data     extern C:\MCC18\src\traditional\proc\p18F458.asm
               TXB2D3bits   0x000f29       data     extern C:\MCC18\src\traditional\proc\p18F458.asm
                   TXB2D4   0x000f2a       data     extern C:\MCC18\src\traditional\proc\p18F458.asm
               TXB2D4bits   0x000f2a       data     extern C:\MCC18\src\traditional\proc\p18F458.asm
                   TXB2D5   0x000f2b       data     extern C:\MCC18\src\traditional\proc\p18F458.asm
               TXB2D5bits   0x000f2b       data     extern C:\MCC18\src\traditional\proc\p18F458.asm
                   TXB2D6   0x000f2c       data     extern C:\MCC18\src\traditional\proc\p18F458.asm
               TXB2D6bits   0x000f2c       data     extern C:\MCC18\src\traditional\proc\p18F458.asm
                   TXB2D7   0x000f2d       data     extern C:\MCC18\src\traditional\proc\p18F458.asm
               TXB2D7bits   0x000f2d       data     extern C:\MCC18\src\traditional\proc\p18F458.asm
                  TXB2DLC   0x000f25       data     extern C:\MCC18\src\traditional\proc\p18F458.asm
              TXB2DLCbits   0x000f25       data     extern C:\MCC18\src\traditional\proc\p18F458.asm
                 TXB2EIDH   0x000f23       data     extern C:\MCC18\src\traditional\proc\p18F458.asm
             TXB2EIDHbits   0x000f23       data     extern C:\MCC18\src\traditional\proc\p18F458.asm
                 TXB2EIDL   0x000f24       data     extern C:\MCC18\src\traditional\proc\p18F458.asm
             TXB2EIDLbits   0x000f24       data     extern C:\MCC18\src\traditional\proc\p18F458.asm
                 TXB2SIDH   0x000f21       data     extern C:\MCC18\src\traditional\proc\p18F458.asm
             TXB2SIDHbits   0x000f21       data     extern C:\MCC18\src\traditional\proc\p18F458.asm
                 TXB2SIDL   0x000f22       data     extern C:\MCC18\src\traditional\proc\p18F458.asm
             TXB2SIDLbits   0x000f22       data     extern C:\MCC18\src\traditional\proc\p18F458.asm
                 TXERRCNT   0x000f76       data     extern C:\MCC18\src\traditional\proc\p18F458.asm
             TXERRCNTbits   0x000f76       data     extern C:\MCC18\src\traditional\proc\p18F458.asm
                    TXREG   0x000fad       data     extern C:\MCC18\src\traditional\proc\p18F458.asm
                    TXSTA   0x000fac       data     extern C:\MCC18\src\traditional\proc\p18F458.asm
                TXSTAbits   0x000fac       data     extern C:\MCC18\src\traditional\proc\p18F458.asm
                        W   0x000fe8       data     extern C:\MCC18\src\traditional\proc\p18F458.asm
                   WDTCON   0x000fd1       data     extern C:\MCC18\src\traditional\proc\p18F458.asm
               WDTCONbits   0x000fd1       data     extern C:\MCC18\src\traditional\proc\p18F458.asm
                     WREG   0x000fe8       data     extern C:\MCC18\src\traditional\proc\p18F458.asm
                 __AARGB0   0x000009       data     extern C:\MCC18\src\traditional\math\aarg.asm
                 __AARGB1   0x000008       data     extern C:\MCC18\src\traditional\math\aarg.asm
                 __AARGB2   0x000007       data     extern C:\MCC18\src\traditional\math\aarg.asm
                 __AARGB3   0x000006       data     extern C:\MCC18\src\traditional\math\aarg.asm
                 __AARGB4   0x000005       data     extern C:\MCC18\src\traditional\math\aarg.asm
                 __AARGB5   0x000004       data     extern C:\MCC18\src\traditional\math\aarg.asm
                 __AARGB6   0x000003       data     extern C:\MCC18\src\traditional\math\aarg.asm
                 __AARGB7   0x000002       data     extern C:\MCC18\src\traditional\math\aarg.asm
                   __AEXP   0x00000a       data     extern C:\MCC18\src\traditional\math\aarg.asm
                 __BARGB0   0x00000e       data     extern C:\MCC18\src\traditional\math\barg.asm
                 __BARGB1   0x00000d       data     extern C:\MCC18\src\traditional\math\barg.asm
                 __BARGB2   0x00000c       data     extern C:\MCC18\src\traditional\math\barg.asm
                 __BARGB3   0x00000b       data     extern C:\MCC18\src\traditional\math\barg.asm
                   __BEXP   0x00000f       data     extern C:\MCC18\src\traditional\math\barg.asm
                __FPFLAGS   0x000001       data     extern C:\MCC18\src\traditional\math\cmath18.asm
            __FPFLAGSbits   0x000001       data     extern C:\MCC18\src\traditional\math\cmath18.asm
                  __REMB0   0x000005       data     extern C:\MCC18\src\traditional\math\aarg.asm
                  __REMB1   0x000004       data     extern C:\MCC18\src\traditional\math\aarg.asm
                  __REMB2   0x000003       data     extern C:\MCC18\src\traditional\math\aarg.asm
                  __REMB3   0x000002       data     extern C:\MCC18\src\traditional\math\aarg.asm
                   __TEMP   0x000013       data     extern C:\MCC18\src\traditional\math\temparg.asm
                 __TEMPB0   0x000013       data     extern C:\MCC18\src\traditional\math\temparg.asm
                 __TEMPB1   0x000012       data     extern C:\MCC18\src\traditional\math\temparg.asm
                 __TEMPB2   0x000011       data     extern C:\MCC18\src\traditional\math\temparg.asm
                 __TEMPB3   0x000010       data     extern C:\MCC18\src\traditional\math\temparg.asm
                  __tmp_0   0x000014       data     static C:\Users\Gaurav\Desktop\Nokia temp\Nokia Temp meter.c
                curr_byte   0x000063       data     static C:\MCC18\src\traditional\startup\c018i.c
               curr_entry   0x000065       data     static C:\MCC18\src\traditional\startup\c018i.c
                 data_ptr   0x000067       data     static C:\MCC18\src\traditional\startup\c018i.c
                       f1   0x00006a       data     static C:\Users\Gaurav\Desktop\Nokia temp\Nokia Temp meter.c
                     prom   0x000060       data     static C:\MCC18\src\traditional\startup\c018i.c



                              Symbols - Sorted by Address
                     Name    Address   Location    Storage File                     
                ---------  ---------  ---------  --------- ---------                
                   _entry   0x000000    program     extern C:\MCC18\src\traditional\startup\c018i.c
       ___return_lbl00000   0x000004    program     static                          
                     main   0x000008    program     extern C:\Users\Gaurav\Desktop\Nokia temp\Nokia Temp meter.c
                     disp   0x0001c8    program     extern C:\Users\Gaurav\Desktop\Nokia temp\Nokia Temp meter.c
                   lookup   0x0004ae    program     extern C:\Users\Gaurav\Desktop\Nokia temp\Nokia Temp meter.c
                      spi   0x000572    program     extern C:\Users\Gaurav\Desktop\Nokia temp\Nokia Temp meter.c
                  lcdInit   0x000590    program     extern C:\Users\Gaurav\Desktop\Nokia temp\Nokia Temp meter.c
                 clearLcd   0x0005da    program     extern C:\Users\Gaurav\Desktop\Nokia temp\Nokia Temp meter.c
                 blackLcd   0x00062a    program     extern C:\Users\Gaurav\Desktop\Nokia temp\Nokia Temp meter.c
                   gotoXy   0x00067a    program     extern C:\Users\Gaurav\Desktop\Nokia temp\Nokia Temp meter.c
                   lcdStr   0x0006c2    program     extern C:\Users\Gaurav\Desktop\Nokia temp\Nokia Temp meter.c
                    toLcd   0x00076e    program     extern C:\Users\Gaurav\Desktop\Nokia temp\Nokia Temp meter.c
                  delayMs   0x00085e    program     extern C:\Users\Gaurav\Desktop\Nokia temp\Nokia Temp meter.c
                 FLO1632U   0x0008c8    program     extern C:\MCC18\src\traditional\math\cast16FP.asm
                 FLO1632S   0x0008cc    program     extern C:\MCC18\src\traditional\math\cast16FP.asm
                jI2F16Beg   0x0008dc    program     static C:\MCC18\src\traditional\math\cast16FP.asm
                    FPD32   0x0008f2    program     extern C:\MCC18\src\traditional\math\divFP.asm
                 jANotInf   0x000910    program     static C:\MCC18\src\traditional\math\divFP.asm
              jSignedZero   0x00091a    program     static C:\MCC18\src\traditional\math\divFP.asm
                jANotZero   0x000924    program     static C:\MCC18\src\traditional\math\divFP.asm
                    jLoop   0x00094c    program     static C:\MCC18\src\traditional\math\divFP.asm
                jNoAdjust   0x000970    program     static C:\MCC18\src\traditional\math\divFP.asm
                    jNext   0x000972    program     static C:\MCC18\src\traditional\math\divFP.asm
                    FPM32   0x000998    program     extern C:\MCC18\src\traditional\math\mulFP.asm
                 jANotInf   0x0009b6    program     static C:\MCC18\src\traditional\math\mulFP.asm
              jBothFinite   0x0009c4    program     static C:\MCC18\src\traditional\math\mulFP.asm
                jHaveZero   0x0009cc    program     static C:\MCC18\src\traditional\math\mulFP.asm
             jBothNotZero   0x0009d0    program     static C:\MCC18\src\traditional\math\mulFP.asm
                    FPS32   0x000a72    program     extern C:\MCC18\src\traditional\math\addFP.asm
                    FPA32   0x000a74    program     extern C:\MCC18\src\traditional\math\addFP.asm
                jBANotInf   0x000a92    program     static C:\MCC18\src\traditional\math\addFP.asm
                 jANotInf   0x000a9c    program     static C:\MCC18\src\traditional\math\addFP.asm
                 jBNotInf   0x000aaa    program     static C:\MCC18\src\traditional\math\addFP.asm
            jDifOrPosSign   0x000abe    program     static C:\MCC18\src\traditional\math\addFP.asm
             jNotBothZero   0x000ac2    program     static C:\MCC18\src\traditional\math\addFP.asm
                 jAltBexp   0x000aee    program     static C:\MCC18\src\traditional\math\addFP.asm
              jAandWsetup   0x000b00    program     static C:\MCC18\src\traditional\math\addFP.asm
                 jANotNeg   0x000b30    program     static C:\MCC18\src\traditional\math\addFP.asm
                 jWNotNeg   0x000b44    program     static C:\MCC18\src\traditional\math\addFP.asm
               jShiftLoop   0x000b4a    program     static C:\MCC18\src\traditional\math\addFP.asm
               jShiftDone   0x000b58    program     static C:\MCC18\src\traditional\math\addFP.asm
                jSignDone   0x000b88    program     static C:\MCC18\src\traditional\math\addFP.asm
               jFinalSign   0x000b98    program     static C:\MCC18\src\traditional\math\addFP.asm
                 FXD1616S   0x000ba0    program     extern C:\MCC18\src\traditional\math\fxd1616s.asm
                  DA1616S   0x000bb2    program     static C:\MCC18\src\traditional\math\fxd1616s.asm
                   D1616S   0x000bc2    program     static C:\MCC18\src\traditional\math\fxd1616s.asm
                 D1616SOK   0x000bcc    program     static C:\MCC18\src\traditional\math\fxd1616s.asm
                D1616SNEG   0x000bd0    program     static C:\MCC18\src\traditional\math\fxd1616s.asm
                  D1616SX   0x000be2    program     static C:\MCC18\src\traditional\math\fxd1616s.asm
                  INT3216   0x000bec    program     extern C:\MCC18\src\traditional\math\castFP16.asm
                     jMax   0x000bfc    program     static C:\MCC18\src\traditional\math\castFP16.asm
                  jMaxPos   0x000c00    program     static C:\MCC18\src\traditional\math\castFP16.asm
                  jMaxNeg   0x000c0a    program     static C:\MCC18\src\traditional\math\castFP16.asm
                    jZero   0x000c12    program     static C:\MCC18\src\traditional\math\castFP16.asm
                  jNotInf   0x000c18    program     static C:\MCC18\src\traditional\math\castFP16.asm
                    jLoop   0x000c28    program     static C:\MCC18\src\traditional\math\castFP16.asm
                jLoopExit   0x000c38    program     static C:\MCC18\src\traditional\math\castFP16.asm
                    jExit   0x000c48    program     static C:\MCC18\src\traditional\math\castFP16.asm
            __FpReturnNaN   0x000c4a    program     extern C:\MCC18\src\traditional\math\packFP.asm
                 __FpExit   0x000c56    program     extern C:\MCC18\src\traditional\math\packFP.asm
        __FpReturnSignInf   0x000c58    program     extern C:\MCC18\src\traditional\math\packFP.asm
         __FpReturnNegInf   0x000c5c    program     extern C:\MCC18\src\traditional\math\packFP.asm
         __FpReturnPosInf   0x000c62    program     extern C:\MCC18\src\traditional\math\packFP.asm
           jReturnPosInf0   0x000c66    program     static C:\MCC18\src\traditional\math\packFP.asm
               jZero1and2   0x000c6a    program     static C:\MCC18\src\traditional\math\packFP.asm
       __FpReturnSignZero   0x000c70    program     extern C:\MCC18\src\traditional\math\packFP.asm
        __FpReturnNegZero   0x000c74    program     extern C:\MCC18\src\traditional\math\packFP.asm
        __FpReturnPosZero   0x000c7c    program     extern C:\MCC18\src\traditional\math\packFP.asm
                 __FpPack   0x000c82    program     extern C:\MCC18\src\traditional\math\packFP.asm
                  jPkLoop   0x000c90    program     static C:\MCC18\src\traditional\math\packFP.asm
             jPkShiftDone   0x000cac    program     static C:\MCC18\src\traditional\math\packFP.asm
               jPkRoundIt   0x000cc2    program     static C:\MCC18\src\traditional\math\packFP.asm
              __FpReturnW   0x000cda    program     extern C:\MCC18\src\traditional\math\packFP.asm
             jPkRoundDone   0x000cda    program     static C:\MCC18\src\traditional\math\packFP.asm
              __FpUnPackA   0x000cfa    program     extern C:\MCC18\src\traditional\math\UnpackFP.asm
                  jUnpkA1   0x000d04    program     static C:\MCC18\src\traditional\math\UnpackFP.asm
                 jUnpkANZ   0x000d12    program     static C:\MCC18\src\traditional\math\UnpackFP.asm
                  jUnpkA2   0x000d1c    program     static C:\MCC18\src\traditional\math\UnpackFP.asm
                 jUnpkNaN   0x000d26    program     static C:\MCC18\src\traditional\math\UnpackFP.asm
              __FpUnPackB   0x000d2a    program     extern C:\MCC18\src\traditional\math\UnpackFP.asm
                  jUnpkB1   0x000d34    program     static C:\MCC18\src\traditional\math\UnpackFP.asm
                 jUnpkBNZ   0x000d42    program     static C:\MCC18\src\traditional\math\UnpackFP.asm
                  jUnpkB2   0x000d4c    program     static C:\MCC18\src\traditional\math\UnpackFP.asm
               FONTLOOKUP   0x000d56    program     extern C:\Users\Gaurav\Desktop\Nokia temp\Nokia Temp meter.c
                _do_cinit   0x000f1e    program     extern C:\MCC18\src\traditional\startup\c018i.c
                     test   0x000f38    program     static                          
                copy_loop   0x000f90    program     static                          
            copy_one_byte   0x000f96    program     static                          
             done_copying   0x000fa4    program     static                          
       ___return_lbl00002   0x000fba    program     static                          
                     done   0x000fba    program     static                          
                 FXD1616U   0x000fbc    program     extern C:\MCC18\src\traditional\math\fxd1616u.c
                     loop   0x000fc6    program     static                          
                  endloop   0x000fe2    program     static                          
       ___return_lbl00000   0x000fe6    program     static                          
            __zero_memory   0x000fe8    program     extern C:\MCC18\src\traditional\proc\p18F458.asm
               zero_block   0x000ff6    program     static C:\MCC18\src\traditional\proc\p18F458.asm
                   loop_h   0x000ff6    program     static C:\MCC18\src\traditional\proc\p18F458.asm
                compare_l   0x000ffe    program     static C:\MCC18\src\traditional\proc\p18F458.asm
                   loop_l   0x001000    program     static C:\MCC18\src\traditional\proc\p18F458.asm
                 _startup   0x001008    program     extern C:\MCC18\src\traditional\startup\c018i.c
                     loop   0x001018    program     static                          
       ___return_lbl00001   0x001022    program     static                          
                   __init   0x001024    program     extern C:\MCC18\src\traditional\stdclib\__init.c
               __config_0   0x300001    program     static C:\Users\Gaurav\Desktop\Nokia temp\Nokia Temp meter.c
               __config_1   0x300002    program     static C:\Users\Gaurav\Desktop\Nokia temp\Nokia Temp meter.c
               __config_2   0x300003    program     static C:\Users\Gaurav\Desktop\Nokia temp\Nokia Temp meter.c
               __config_3   0x300006    program     static C:\Users\Gaurav\Desktop\Nokia temp\Nokia Temp meter.c
                     SIGN   0x000000       data     extern C:\MCC18\src\traditional\math\cmath18.asm
                __FPFLAGS   0x000001       data     extern C:\MCC18\src\traditional\math\cmath18.asm
            __FPFLAGSbits   0x000001       data     extern C:\MCC18\src\traditional\math\cmath18.asm
                 __AARGB7   0x000002       data     extern C:\MCC18\src\traditional\math\aarg.asm
                  __REMB3   0x000002       data     extern C:\MCC18\src\traditional\math\aarg.asm
                 __AARGB6   0x000003       data     extern C:\MCC18\src\traditional\math\aarg.asm
                  __REMB2   0x000003       data     extern C:\MCC18\src\traditional\math\aarg.asm
                 __AARGB5   0x000004       data     extern C:\MCC18\src\traditional\math\aarg.asm
                  __REMB1   0x000004       data     extern C:\MCC18\src\traditional\math\aarg.asm
                 __AARGB4   0x000005       data     extern C:\MCC18\src\traditional\math\aarg.asm
                  __REMB0   0x000005       data     extern C:\MCC18\src\traditional\math\aarg.asm
                 __AARGB3   0x000006       data     extern C:\MCC18\src\traditional\math\aarg.asm
                 __AARGB2   0x000007       data     extern C:\MCC18\src\traditional\math\aarg.asm
                 __AARGB1   0x000008       data     extern C:\MCC18\src\traditional\math\aarg.asm
                 __AARGB0   0x000009       data     extern C:\MCC18\src\traditional\math\aarg.asm
                   __AEXP   0x00000a       data     extern C:\MCC18\src\traditional\math\aarg.asm
                 __BARGB3   0x00000b       data     extern C:\MCC18\src\traditional\math\barg.asm
                 __BARGB2   0x00000c       data     extern C:\MCC18\src\traditional\math\barg.asm
                 __BARGB1   0x00000d       data     extern C:\MCC18\src\traditional\math\barg.asm
                 __BARGB0   0x00000e       data     extern C:\MCC18\src\traditional\math\barg.asm
                   __BEXP   0x00000f       data     extern C:\MCC18\src\traditional\math\barg.asm
                 __TEMPB3   0x000010       data     extern C:\MCC18\src\traditional\math\temparg.asm
                 __TEMPB2   0x000011       data     extern C:\MCC18\src\traditional\math\temparg.asm
                 __TEMPB1   0x000012       data     extern C:\MCC18\src\traditional\math\temparg.asm
                   __TEMP   0x000013       data     extern C:\MCC18\src\traditional\math\temparg.asm
                 __TEMPB0   0x000013       data     extern C:\MCC18\src\traditional\math\temparg.asm
                  __tmp_0   0x000014       data     static C:\Users\Gaurav\Desktop\Nokia temp\Nokia Temp meter.c
                     prom   0x000060       data     static C:\MCC18\src\traditional\startup\c018i.c
                curr_byte   0x000063       data     static C:\MCC18\src\traditional\startup\c018i.c
               curr_entry   0x000065       data     static C:\MCC18\src\traditional\startup\c018i.c
                 data_ptr   0x000067       data     static C:\MCC18\src\traditional\startup\c018i.c
                       f1   0x00006a       data     static C:\Users\Gaurav\Desktop\Nokia temp\Nokia Temp meter.c
                 RXF0SIDH   0x000f00       data     extern C:\MCC18\src\traditional\proc\p18F458.asm
             RXF0SIDHbits   0x000f00       data     extern C:\MCC18\src\traditional\proc\p18F458.asm
             RXF0SIDLbits   0x000f01       data     extern C:\MCC18\src\traditional\proc\p18F458.asm
                 RXF0SIDL   0x000f01       data     extern C:\MCC18\src\traditional\proc\p18F458.asm
                 RXF0EIDH   0x000f02       data     extern C:\MCC18\src\traditional\proc\p18F458.asm
             RXF0EIDHbits   0x000f02       data     extern C:\MCC18\src\traditional\proc\p18F458.asm
             RXF0EIDLbits   0x000f03       data     extern C:\MCC18\src\traditional\proc\p18F458.asm
                 RXF0EIDL   0x000f03       data     extern C:\MCC18\src\traditional\proc\p18F458.asm
                 RXF1SIDH   0x000f04       data     extern C:\MCC18\src\traditional\proc\p18F458.asm
             RXF1SIDHbits   0x000f04       data     extern C:\MCC18\src\traditional\proc\p18F458.asm
                 RXF1SIDL   0x000f05       data     extern C:\MCC18\src\traditional\proc\p18F458.asm
             RXF1SIDLbits   0x000f05       data     extern C:\MCC18\src\traditional\proc\p18F458.asm
                 RXF1EIDH   0x000f06       data     extern C:\MCC18\src\traditional\proc\p18F458.asm
             RXF1EIDHbits   0x000f06       data     extern C:\MCC18\src\traditional\proc\p18F458.asm
                 RXF1EIDL   0x000f07       data     extern C:\MCC18\src\traditional\proc\p18F458.asm
             RXF1EIDLbits   0x000f07       data     extern C:\MCC18\src\traditional\proc\p18F458.asm
             RXF2SIDHbits   0x000f08       data     extern C:\MCC18\src\traditional\proc\p18F458.asm
                 RXF2SIDH   0x000f08       data     extern C:\MCC18\src\traditional\proc\p18F458.asm
                 RXF2SIDL   0x000f09       data     extern C:\MCC18\src\traditional\proc\p18F458.asm
             RXF2SIDLbits   0x000f09       data     extern C:\MCC18\src\traditional\proc\p18F458.asm
             RXF2EIDHbits   0x000f0a       data     extern C:\MCC18\src\traditional\proc\p18F458.asm
                 RXF2EIDH   0x000f0a       data     extern C:\MCC18\src\traditional\proc\p18F458.asm
             RXF2EIDLbits   0x000f0b       data     extern C:\MCC18\src\traditional\proc\p18F458.asm
                 RXF2EIDL   0x000f0b       data     extern C:\MCC18\src\traditional\proc\p18F458.asm
             RXF3SIDHbits   0x000f0c       data     extern C:\MCC18\src\traditional\proc\p18F458.asm
                 RXF3SIDH   0x000f0c       data     extern C:\MCC18\src\traditional\proc\p18F458.asm
             RXF3SIDLbits   0x000f0d       data     extern C:\MCC18\src\traditional\proc\p18F458.asm
                 RXF3SIDL   0x000f0d       data     extern C:\MCC18\src\traditional\proc\p18F458.asm
             RXF3EIDHbits   0x000f0e       data     extern C:\MCC18\src\traditional\proc\p18F458.asm
                 RXF3EIDH   0x000f0e       data     extern C:\MCC18\src\traditional\proc\p18F458.asm
             RXF3EIDLbits   0x000f0f       data     extern C:\MCC18\src\traditional\proc\p18F458.asm
                 RXF3EIDL   0x000f0f       data     extern C:\MCC18\src\traditional\proc\p18F458.asm
                 RXF4SIDH   0x000f10       data     extern C:\MCC18\src\traditional\proc\p18F458.asm
             RXF4SIDHbits   0x000f10       data     extern C:\MCC18\src\traditional\proc\p18F458.asm
             RXF4SIDLbits   0x000f11       data     extern C:\MCC18\src\traditional\proc\p18F458.asm
                 RXF4SIDL   0x000f11       data     extern C:\MCC18\src\traditional\proc\p18F458.asm
                 RXF4EIDH   0x000f12       data     extern C:\MCC18\src\traditional\proc\p18F458.asm
             RXF4EIDHbits   0x000f12       data     extern C:\MCC18\src\traditional\proc\p18F458.asm
             RXF4EIDLbits   0x000f13       data     extern C:\MCC18\src\traditional\proc\p18F458.asm
                 RXF4EIDL   0x000f13       data     extern C:\MCC18\src\traditional\proc\p18F458.asm
                 RXF5SIDH   0x000f14       data     extern C:\MCC18\src\traditional\proc\p18F458.asm
             RXF5SIDHbits   0x000f14       data     extern C:\MCC18\src\traditional\proc\p18F458.asm
                 RXF5SIDL   0x000f15       data     extern C:\MCC18\src\traditional\proc\p18F458.asm
             RXF5SIDLbits   0x000f15       data     extern C:\MCC18\src\traditional\proc\p18F458.asm
             RXF5EIDHbits   0x000f16       data     extern C:\MCC18\src\traditional\proc\p18F458.asm
                 RXF5EIDH   0x000f16       data     extern C:\MCC18\src\traditional\proc\p18F458.asm
             RXF5EIDLbits   0x000f17       data     extern C:\MCC18\src\traditional\proc\p18F458.asm
                 RXF5EIDL   0x000f17       data     extern C:\MCC18\src\traditional\proc\p18F458.asm
             RXM0SIDHbits   0x000f18       data     extern C:\MCC18\src\traditional\proc\p18F458.asm
                 RXM0SIDH   0x000f18       data     extern C:\MCC18\src\traditional\proc\p18F458.asm
                 RXM0SIDL   0x000f19       data     extern C:\MCC18\src\traditional\proc\p18F458.asm
             RXM0SIDLbits   0x000f19       data     extern C:\MCC18\src\traditional\proc\p18F458.asm
             RXM0EIDHbits   0x000f1a       data     extern C:\MCC18\src\traditional\proc\p18F458.asm
                 RXM0EIDH   0x000f1a       data     extern C:\MCC18\src\traditional\proc\p18F458.asm
[...]
                  BRGCON1   0x000f70       data     extern C:\MCC18\src\traditional\proc\p18F458.asm
              BRGCON1bits   0x000f70       data     extern C:\MCC18\src\traditional\proc\p18F458.asm
                  BRGCON2   0x000f71       data     extern C:\MCC18\src\traditional\proc\p18F458.asm
              BRGCON2bits   0x000f71       data     extern C:\MCC18\src\traditional\proc\p18F458.asm
              BRGCON3bits   0x000f72       data     extern C:\MCC18\src\traditional\proc\p18F458.asm
                  BRGCON3   0x000f72       data     extern C:\MCC18\src\traditional\proc\p18F458.asm
               CIOCONbits   0x000f73       data     extern C:\MCC18\src\traditional\proc\p18F458.asm
                   CIOCON   0x000f73       data     extern C:\MCC18\src\traditional\proc\p18F458.asm
                  COMSTAT   0x000f74       data     extern C:\MCC18\src\traditional\proc\p18F458.asm
              COMSTATbits   0x000f74       data     extern C:\MCC18\src\traditional\proc\p18F458.asm
             RXERRCNTbits   0x000f75       data     extern C:\MCC18\src\traditional\proc\p18F458.asm
                 RXERRCNT   0x000f75       data     extern C:\MCC18\src\traditional\proc\p18F458.asm
                 TXERRCNT   0x000f76       data     extern C:\MCC18\src\traditional\proc\p18F458.asm
             TXERRCNTbits   0x000f76       data     extern C:\MCC18\src\traditional\proc\p18F458.asm
                    PORTA   0x000f80       data     extern C:\MCC18\src\traditional\proc\p18F458.asm
                PORTAbits   0x000f80       data     extern C:\MCC18\src\traditional\proc\p18F458.asm
                    PORTB   0x000f81       data     extern C:\MCC18\src\traditional\proc\p18F458.asm
                PORTBbits   0x000f81       data     extern C:\MCC18\src\traditional\proc\p18F458.asm
                    PORTC   0x000f82       data     extern C:\MCC18\src\traditional\proc\p18F458.asm
                PORTCbits   0x000f82       data     extern C:\MCC18\src\traditional\proc\p18F458.asm
                    PORTD   0x000f83       data     extern C:\MCC18\src\traditional\proc\p18F458.asm
                PORTDbits   0x000f83       data     extern C:\MCC18\src\traditional\proc\p18F458.asm
                    PORTE   0x000f84       data     extern C:\MCC18\src\traditional\proc\p18F458.asm
                PORTEbits   0x000f84       data     extern C:\MCC18\src\traditional\proc\p18F458.asm
                 LATAbits   0x000f89       data     extern C:\MCC18\src\traditional\proc\p18F458.asm
                     LATA   0x000f89       data     extern C:\MCC18\src\traditional\proc\p18F458.asm
                 LATBbits   0x000f8a       data     extern C:\MCC18\src\traditional\proc\p18F458.asm
                     LATB   0x000f8a       data     extern C:\MCC18\src\traditional\proc\p18F458.asm
                 LATCbits   0x000f8b       data     extern C:\MCC18\src\traditional\proc\p18F458.asm
                     LATC   0x000f8b       data     extern C:\MCC18\src\traditional\proc\p18F458.asm
                     LATD   0x000f8c       data     extern C:\MCC18\src\traditional\proc\p18F458.asm
                 LATDbits   0x000f8c       data     extern C:\MCC18\src\traditional\proc\p18F458.asm
                     LATE   0x000f8d       data     extern C:\MCC18\src\traditional\proc\p18F458.asm
                 LATEbits   0x000f8d       data     extern C:\MCC18\src\traditional\proc\p18F458.asm
                 DDRAbits   0x000f92       data     extern C:\MCC18\src\traditional\proc\p18F458.asm
                     DDRA   0x000f92       data     extern C:\MCC18\src\traditional\proc\p18F458.asm
                TRISAbits   0x000f92       data     extern C:\MCC18\src\traditional\proc\p18F458.asm
                    TRISA   0x000f92       data     extern C:\MCC18\src\traditional\proc\p18F458.asm
                 DDRBbits   0x000f93       data     extern C:\MCC18\src\traditional\proc\p18F458.asm
                     DDRB   0x000f93       data     extern C:\MCC18\src\traditional\proc\p18F458.asm
                TRISBbits   0x000f93       data     extern C:\MCC18\src\traditional\proc\p18F458.asm
                    TRISB   0x000f93       data     extern C:\MCC18\src\traditional\proc\p18F458.asm
                TRISCbits   0x000f94       data     extern C:\MCC18\src\traditional\proc\p18F458.asm
                    TRISC   0x000f94       data     extern C:\MCC18\src\traditional\proc\p18F458.asm
                 DDRCbits   0x000f94       data     extern C:\MCC18\src\traditional\proc\p18F458.asm
                     DDRC   0x000f94       data     extern C:\MCC18\src\traditional\proc\p18F458.asm
                     DDRD   0x000f95       data     extern C:\MCC18\src\traditional\proc\p18F458.asm
                 DDRDbits   0x000f95       data     extern C:\MCC18\src\traditional\proc\p18F458.asm
                TRISDbits   0x000f95       data     extern C:\MCC18\src\traditional\proc\p18F458.asm
                    TRISD   0x000f95       data     extern C:\MCC18\src\traditional\proc\p18F458.asm
                     DDRE   0x000f96       data     extern C:\MCC18\src\traditional\proc\p18F458.asm
                 DDREbits   0x000f96       data     extern C:\MCC18\src\traditional\proc\p18F458.asm
                TRISEbits   0x000f96       data     extern C:\MCC18\src\traditional\proc\p18F458.asm
                    TRISE   0x000f96       data     extern C:\MCC18\src\traditional\proc\p18F458.asm
                 PIE1bits   0x000f9d       data     extern C:\MCC18\src\traditional\proc\p18F458.asm
                     PIE1   0x000f9d       data     extern C:\MCC18\src\traditional\proc\p18F458.asm
                 PIR1bits   0x000f9e       data     extern C:\MCC18\src\traditional\proc\p18F458.asm
                     PIR1   0x000f9e       data     extern C:\MCC18\src\traditional\proc\p18F458.asm
                     IPR1   0x000f9f       data     extern C:\MCC18\src\traditional\proc\p18F458.asm
                 IPR1bits   0x000f9f       data     extern C:\MCC18\src\traditional\proc\p18F458.asm
                 PIE2bits   0x000fa0       data     extern C:\MCC18\src\traditional\proc\p18F458.asm
                     PIE2   0x000fa0       data     extern C:\MCC18\src\traditional\proc\p18F458.asm
                 PIR2bits   0x000fa1       data     extern C:\MCC18\src\traditional\proc\p18F458.asm
                     PIR2   0x000fa1       data     extern C:\MCC18\src\traditional\proc\p18F458.asm
                 IPR2bits   0x000fa2       data     extern C:\MCC18\src\traditional\proc\p18F458.asm
                     IPR2   0x000fa2       data     extern C:\MCC18\src\traditional\proc\p18F458.asm
                     PIE3   0x000fa3       data     extern C:\MCC18\src\traditional\proc\p18F458.asm
                 PIE3bits   0x000fa3       data     extern C:\MCC18\src\traditional\proc\p18F458.asm
                     PIR3   0x000fa4       data     extern C:\MCC18\src\traditional\proc\p18F458.asm
                 PIR3bits   0x000fa4       data     extern C:\MCC18\src\traditional\proc\p18F458.asm
                 IPR3bits   0x000fa5       data     extern C:\MCC18\src\traditional\proc\p18F458.asm
                     IPR3   0x000fa5       data     extern C:\MCC18\src\traditional\proc\p18F458.asm
               EECON1bits   0x000fa6       data     extern C:\MCC18\src\traditional\proc\p18F458.asm
                   EECON1   0x000fa6       data     extern C:\MCC18\src\traditional\proc\p18F458.asm
                   EECON2   0x000fa7       data     extern C:\MCC18\src\traditional\proc\p18F458.asm
                   EEDATA   0x000fa8       data     extern C:\MCC18\src\traditional\proc\p18F458.asm
                    EEADR   0x000fa9       data     extern C:\MCC18\src\traditional\proc\p18F458.asm
                    RCSTA   0x000fab       data     extern C:\MCC18\src\traditional\proc\p18F458.asm
                RCSTAbits   0x000fab       data     extern C:\MCC18\src\traditional\proc\p18F458.asm
                TXSTAbits   0x000fac       data     extern C:\MCC18\src\traditional\proc\p18F458.asm
                    TXSTA   0x000fac       data     extern C:\MCC18\src\traditional\proc\p18F458.asm
                    TXREG   0x000fad       data     extern C:\MCC18\src\traditional\proc\p18F458.asm
                    RCREG   0x000fae       data     extern C:\MCC18\src\traditional\proc\p18F458.asm
                    SPBRG   0x000faf       data     extern C:\MCC18\src\traditional\proc\p18F458.asm
                T3CONbits   0x000fb1       data     extern C:\MCC18\src\traditional\proc\p18F458.asm
                    T3CON   0x000fb1       data     extern C:\MCC18\src\traditional\proc\p18F458.asm
                    TMR3L   0x000fb2       data     extern C:\MCC18\src\traditional\proc\p18F458.asm
                    TMR3H   0x000fb3       data     extern C:\MCC18\src\traditional\proc\p18F458.asm
                    CMCON   0x000fb4       data     extern C:\MCC18\src\traditional\proc\p18F458.asm
                CMCONbits   0x000fb4       data     extern C:\MCC18\src\traditional\proc\p18F458.asm
                   CVRCON   0x000fb5       data     extern C:\MCC18\src\traditional\proc\p18F458.asm
               CVRCONbits   0x000fb5       data     extern C:\MCC18\src\traditional\proc\p18F458.asm
               ECCPASbits   0x000fb6       data     extern C:\MCC18\src\traditional\proc\p18F458.asm
                   ECCPAS   0x000fb6       data     extern C:\MCC18\src\traditional\proc\p18F458.asm
             ECCP1DELbits   0x000fb7       data     extern C:\MCC18\src\traditional\proc\p18F458.asm
                 ECCP1DEL   0x000fb7       data     extern C:\MCC18\src\traditional\proc\p18F458.asm
             ECCP1CONbits   0x000fba       data     extern C:\MCC18\src\traditional\proc\p18F458.asm
                 ECCP1CON   0x000fba       data     extern C:\MCC18\src\traditional\proc\p18F458.asm
                   ECCPR1   0x000fbb       data     extern C:\MCC18\src\traditional\proc\p18F458.asm
                  ECCPR1L   0x000fbb       data     extern C:\MCC18\src\traditional\proc\p18F458.asm
                  ECCPR1H   0x000fbc       data     extern C:\MCC18\src\traditional\proc\p18F458.asm
              CCP1CONbits   0x000fbd       data     extern C:\MCC18\src\traditional\proc\p18F458.asm
                  CCP1CON   0x000fbd       data     extern C:\MCC18\src\traditional\proc\p18F458.asm
                   CCPR1L   0x000fbe       data     extern C:\MCC18\src\traditional\proc\p18F458.asm
                    CCPR1   0x000fbe       data     extern C:\MCC18\src\traditional\proc\p18F458.asm
                   CCPR1H   0x000fbf       data     extern C:\MCC18\src\traditional\proc\p18F458.asm
               ADCON1bits   0x000fc1       data     extern C:\MCC18\src\traditional\proc\p18F458.asm
                   ADCON1   0x000fc1       data     extern C:\MCC18\src\traditional\proc\p18F458.asm
                   ADCON0   0x000fc2       data     extern C:\MCC18\src\traditional\proc\p18F458.asm
               ADCON0bits   0x000fc2       data     extern C:\MCC18\src\traditional\proc\p18F458.asm
                    ADRES   0x000fc3       data     extern C:\MCC18\src\traditional\proc\p18F458.asm
                   ADRESL   0x000fc3       data     extern C:\MCC18\src\traditional\proc\p18F458.asm
                   ADRESH   0x000fc4       data     extern C:\MCC18\src\traditional\proc\p18F458.asm
              SSPCON2bits   0x000fc5       data     extern C:\MCC18\src\traditional\proc\p18F458.asm
                  SSPCON2   0x000fc5       data     extern C:\MCC18\src\traditional\proc\p18F458.asm
                  SSPCON1   0x000fc6       data     extern C:\MCC18\src\traditional\proc\p18F458.asm
              SSPCON1bits   0x000fc6       data     extern C:\MCC18\src\traditional\proc\p18F458.asm
                  SSPSTAT   0x000fc7       data     extern C:\MCC18\src\traditional\proc\p18F458.asm
              SSPSTATbits   0x000fc7       data     extern C:\MCC18\src\traditional\proc\p18F458.asm
                   SSPADD   0x000fc8       data     extern C:\MCC18\src\traditional\proc\p18F458.asm
                   SSPBUF   0x000fc9       data     extern C:\MCC18\src\traditional\proc\p18F458.asm
                T2CONbits   0x000fca       data     extern C:\MCC18\src\traditional\proc\p18F458.asm
                    T2CON   0x000fca       data     extern C:\MCC18\src\traditional\proc\p18F458.asm
                      PR2   0x000fcb       data     extern C:\MCC18\src\traditional\proc\p18F458.asm
                     TMR2   0x000fcc       data     extern C:\MCC18\src\traditional\proc\p18F458.asm
                T1CONbits   0x000fcd       data     extern C:\MCC18\src\traditional\proc\p18F458.asm
                    T1CON   0x000fcd       data     extern C:\MCC18\src\traditional\proc\p18F458.asm
                    TMR1L   0x000fce       data     extern C:\MCC18\src\traditional\proc\p18F458.asm
                    TMR1H   0x000fcf       data     extern C:\MCC18\src\traditional\proc\p18F458.asm
                     RCON   0x000fd0       data     extern C:\MCC18\src\traditional\proc\p18F458.asm
                 RCONbits   0x000fd0       data     extern C:\MCC18\src\traditional\proc\p18F458.asm
               WDTCONbits   0x000fd1       data     extern C:\MCC18\src\traditional\proc\p18F458.asm
                   WDTCON   0x000fd1       data     extern C:\MCC18\src\traditional\proc\p18F458.asm
               LVDCONbits   0x000fd2       data     extern C:\MCC18\src\traditional\proc\p18F458.asm
                   LVDCON   0x000fd2       data     extern C:\MCC18\src\traditional\proc\p18F458.asm
               OSCCONbits   0x000fd3       data     extern C:\MCC18\src\traditional\proc\p18F458.asm
                   OSCCON   0x000fd3       data     extern C:\MCC18\src\traditional\proc\p18F458.asm
                T0CONbits   0x000fd5       data     extern C:\MCC18\src\traditional\proc\p18F458.asm
                    T0CON   0x000fd5       data     extern C:\MCC18\src\traditional\proc\p18F458.asm
                    TMR0L   0x000fd6       data     extern C:\MCC18\src\traditional\proc\p18F458.asm
                    TMR0H   0x000fd7       data     extern C:\MCC18\src\traditional\proc\p18F458.asm
                   STATUS   0x000fd8       data     extern C:\MCC18\src\traditional\proc\p18F458.asm
               STATUSbits   0x000fd8       data     extern C:\MCC18\src\traditional\proc\p18F458.asm
                    FSR2L   0x000fd9       data     extern C:\MCC18\src\traditional\proc\p18F458.asm
                     FSR2   0x000fd9       data     extern C:\MCC18\src\traditional\proc\p18F458.asm
                    FSR2H   0x000fda       data     extern C:\MCC18\src\traditional\proc\p18F458.asm
                   PLUSW2   0x000fdb       data     extern C:\MCC18\src\traditional\proc\p18F458.asm
                  PREINC2   0x000fdc       data     extern C:\MCC18\src\traditional\proc\p18F458.asm
                 POSTDEC2   0x000fdd       data     extern C:\MCC18\src\traditional\proc\p18F458.asm
                 POSTINC2   0x000fde       data     extern C:\MCC18\src\traditional\proc\p18F458.asm
                    INDF2   0x000fdf       data     extern C:\MCC18\src\traditional\proc\p18F458.asm
                      BSR   0x000fe0       data     extern C:\MCC18\src\traditional\proc\p18F458.asm
                     FSR1   0x000fe1       data     extern C:\MCC18\src\traditional\proc\p18F458.asm
                    FSR1L   0x000fe1       data     extern C:\MCC18\src\traditional\proc\p18F458.asm
                    FSR1H   0x000fe2       data     extern C:\MCC18\src\traditional\proc\p18F458.asm
                   PLUSW1   0x000fe3       data     extern C:\MCC18\src\traditional\proc\p18F458.asm
                  PREINC1   0x000fe4       data     extern C:\MCC18\src\traditional\proc\p18F458.asm
                 POSTDEC1   0x000fe5       data     extern C:\MCC18\src\traditional\proc\p18F458.asm
                 POSTINC1   0x000fe6       data     extern C:\MCC18\src\traditional\proc\p18F458.asm
                    INDF1   0x000fe7       data     extern C:\MCC18\src\traditional\proc\p18F458.asm
                        W   0x000fe8       data     extern C:\MCC18\src\traditional\proc\p18F458.asm
                     WREG   0x000fe8       data     extern C:\MCC18\src\traditional\proc\p18F458.asm
                    FSR0L   0x000fe9       data     extern C:\MCC18\src\traditional\proc\p18F458.asm
                     FSR0   0x000fe9       data     extern C:\MCC18\src\traditional\proc\p18F458.asm
                    FSR0H   0x000fea       data     extern C:\MCC18\src\traditional\proc\p18F458.asm
                   PLUSW0   0x000feb       data     extern C:\MCC18\src\traditional\proc\p18F458.asm
                  PREINC0   0x000fec       data     extern C:\MCC18\src\traditional\proc\p18F458.asm
                 POSTDEC0   0x000fed       data     extern C:\MCC18\src\traditional\proc\p18F458.asm
                 POSTINC0   0x000fee       data     extern C:\MCC18\src\traditional\proc\p18F458.asm
                    INDF0   0x000fef       data     extern C:\MCC18\src\traditional\proc\p18F458.asm
                  INTCON3   0x000ff0       data     extern C:\MCC18\src\traditional\proc\p18F458.asm
              INTCON3bits   0x000ff0       data     extern C:\MCC18\src\traditional\proc\p18F458.asm
              INTCON2bits   0x000ff1       data     extern C:\MCC18\src\traditional\proc\p18F458.asm
                  INTCON2   0x000ff1       data     extern C:\MCC18\src\traditional\proc\p18F458.asm
               INTCONbits   0x000ff2       data     extern C:\MCC18\src\traditional\proc\p18F458.asm
                  INTCON1   0x000ff2       data     extern C:\MCC18\src\traditional\proc\p18F458.asm
                   INTCON   0x000ff2       data     extern C:\MCC18\src\traditional\proc\p18F458.asm
              INTCON1bits   0x000ff2       data     extern C:\MCC18\src\traditional\proc\p18F458.asm
                    PRODL   0x000ff3       data     extern C:\MCC18\src\traditional\proc\p18F458.asm
                     PROD   0x000ff3       data     extern C:\MCC18\src\traditional\proc\p18F458.asm
                    PRODH   0x000ff4       data     extern C:\MCC18\src\traditional\proc\p18F458.asm
                   TABLAT   0x000ff5       data     extern C:\MCC18\src\traditional\proc\p18F458.asm
                   TBLPTR   0x000ff6       data     extern C:\MCC18\src\traditional\proc\p18F458.asm
                  TBLPTRL   0x000ff6       data     extern C:\MCC18\src\traditional\proc\p18F458.asm
                  TBLPTRH   0x000ff7       data     extern C:\MCC18\src\traditional\proc\p18F458.asm
                  TBLPTRU   0x000ff8       data     extern C:\MCC18\src\traditional\proc\p18F458.asm
                       PC   0x000ff9       data     extern C:\MCC18\src\traditional\proc\p18F458.asm
                      PCL   0x000ff9       data     extern C:\MCC18\src\traditional\proc\p18F458.asm
                   PCLATH   0x000ffa       data     extern C:\MCC18\src\traditional\proc\p18F458.asm
                   PCLATU   0x000ffb       data     extern C:\MCC18\src\traditional\proc\p18F458.asm
               STKPTRbits   0x000ffc       data     extern C:\MCC18\src\traditional\proc\p18F458.asm
                   STKPTR   0x000ffc       data     extern C:\MCC18\src\traditional\proc\p18F458.asm
                      TOS   0x000ffd       data     extern C:\MCC18\src\traditional\proc\p18F458.asm
                     TOSL   0x000ffd       data     extern C:\MCC18\src\traditional\proc\p18F458.asm
                     TOSH   0x000ffe       data     extern C:\MCC18\src\traditional\proc\p18F458.asm
                     TOSU   0x000fff       data     extern C:\MCC18\src\traditional\proc\p18F458.asm


